Component: Arm Compiler for Embedded 6.19 Tool: armlink [5e73cb00]

==============================================================================

Section Cross References

    startup_stm32f103xe.o(STACK) refers (Special) to heapauxi.o(.text) for __use_two_region_memory
    startup_stm32f103xe.o(HEAP) refers (Special) to heapauxi.o(.text) for __use_two_region_memory
    startup_stm32f103xe.o(RESET) refers (Special) to heapauxi.o(.text) for __use_two_region_memory
    startup_stm32f103xe.o(RESET) refers to startup_stm32f103xe.o(STACK) for __initial_sp
    startup_stm32f103xe.o(RESET) refers to startup_stm32f103xe.o(.text) for Reset_Handler
    startup_stm32f103xe.o(RESET) refers to stm32f1xx_it.o(.text.NMI_Handler) for NMI_Handler
    startup_stm32f103xe.o(RESET) refers to stm32f1xx_it.o(.text.HardFault_Handler) for HardFault_Handler
    startup_stm32f103xe.o(RESET) refers to stm32f1xx_it.o(.text.MemManage_Handler) for MemManage_Handler
    startup_stm32f103xe.o(RESET) refers to stm32f1xx_it.o(.text.BusFault_Handler) for BusFault_Handler
    startup_stm32f103xe.o(RESET) refers to stm32f1xx_it.o(.text.UsageFault_Handler) for UsageFault_Handler
    startup_stm32f103xe.o(RESET) refers to stm32f1xx_it.o(.text.SVC_Handler) for SVC_Handler
    startup_stm32f103xe.o(RESET) refers to stm32f1xx_it.o(.text.DebugMon_Handler) for DebugMon_Handler
    startup_stm32f103xe.o(RESET) refers to stm32f1xx_it.o(.text.PendSV_Handler) for PendSV_Handler
    startup_stm32f103xe.o(RESET) refers to stm32f1xx_it.o(.text.SysTick_Handler) for SysTick_Handler
    startup_stm32f103xe.o(RESET) refers to stm32f1xx_it.o(.text.PVD_IRQHandler) for PVD_IRQHandler
    startup_stm32f103xe.o(RESET) refers to stm32f1xx_it.o(.text.FLASH_IRQHandler) for FLASH_IRQHandler
    startup_stm32f103xe.o(RESET) refers to stm32f1xx_it.o(.text.RCC_IRQHandler) for RCC_IRQHandler
    startup_stm32f103xe.o(RESET) refers to stm32f1xx_it.o(.text.EXTI0_IRQHandler) for EXTI0_IRQHandler
    startup_stm32f103xe.o(RESET) refers to stm32f1xx_it.o(.text.EXTI1_IRQHandler) for EXTI1_IRQHandler
    startup_stm32f103xe.o(RESET) refers to stm32f1xx_it.o(.text.EXTI2_IRQHandler) for EXTI2_IRQHandler
    startup_stm32f103xe.o(RESET) refers to stm32f1xx_it.o(.text.EXTI3_IRQHandler) for EXTI3_IRQHandler
    startup_stm32f103xe.o(RESET) refers to stm32f1xx_it.o(.text.EXTI4_IRQHandler) for EXTI4_IRQHandler
    startup_stm32f103xe.o(RESET) refers to stm32f1xx_it.o(.text.EXTI9_5_IRQHandler) for EXTI9_5_IRQHandler
    startup_stm32f103xe.o(RESET) refers to stm32f1xx_it.o(.text.I2C1_EV_IRQHandler) for I2C1_EV_IRQHandler
    startup_stm32f103xe.o(RESET) refers to stm32f1xx_it.o(.text.USART1_IRQHandler) for USART1_IRQHandler
    startup_stm32f103xe.o(RESET) refers to stm32f1xx_it.o(.text.EXTI15_10_IRQHandler) for EXTI15_10_IRQHandler
    startup_stm32f103xe.o(.text) refers (Special) to heapauxi.o(.text) for __use_two_region_memory
    startup_stm32f103xe.o(.text) refers to system_stm32f1xx.o(.text.SystemInit) for SystemInit
    startup_stm32f103xe.o(.text) refers to __main.o(!!!main) for __main
    startup_stm32f103xe.o(.text) refers to startup_stm32f103xe.o(HEAP) for Heap_Mem
    startup_stm32f103xe.o(.text) refers to startup_stm32f103xe.o(STACK) for Stack_Mem
    main.o(.text.main) refers to stm32f1xx_hal.o(.text.HAL_Init) for HAL_Init
    main.o(.text.main) refers to rt_memclr_w.o(.text) for __aeabi_memclr4
    main.o(.text.main) refers to stm32f1xx_hal_rcc.o(.text.HAL_RCC_OscConfig) for HAL_RCC_OscConfig
    main.o(.text.main) refers to stm32f1xx_hal_rcc.o(.text.HAL_RCC_ClockConfig) for HAL_RCC_ClockConfig
    main.o(.text.main) refers to gpio.o(.text.MX_GPIO_Init) for MX_GPIO_Init
    main.o(.text.main) refers to usart.o(.text.MX_USART1_UART_Init) for MX_USART1_UART_Init
    main.o(.text.main) refers to i2c.o(.text.MX_I2C1_Init) for MX_I2C1_Init
    main.o(.text.main) refers to control.o(.bss.Motors) for Motors
    main.o(.text.main) refers to control.o(.text.Motor_Init) for Motor_Init
    main.o(.text.main) refers to usart.o(.bss.huart1) for huart1
    main.o(.text.main) refers to commnication.o(.bss..L_MergedGlobals) for RxData
    main.o(.text.main) refers to stm32f1xx_hal_uart.o(.text.HAL_UART_Receive_IT) for HAL_UART_Receive_IT
    main.o(.ARM.exidx.text.main) refers to main.o(.text.main) for [Anonymous Symbol]
    main.o(.text.SystemClock_Config) refers to rt_memclr_w.o(.text) for __aeabi_memclr4
    main.o(.text.SystemClock_Config) refers to stm32f1xx_hal_rcc.o(.text.HAL_RCC_OscConfig) for HAL_RCC_OscConfig
    main.o(.text.SystemClock_Config) refers to stm32f1xx_hal_rcc.o(.text.HAL_RCC_ClockConfig) for HAL_RCC_ClockConfig
    main.o(.ARM.exidx.text.SystemClock_Config) refers to main.o(.text.SystemClock_Config) for [Anonymous Symbol]
    main.o(.ARM.exidx.text.Error_Handler) refers to main.o(.text.Error_Handler) for [Anonymous Symbol]
    main.o(.text.HAL_GPIO_EXTI_Callback) refers to main.o(.text.EncoderCount) for EncoderCount
[...]
    x$fpl$ieeestatus                         0x080062a6   Section        6  istatus.o(x$fpl$ieeestatus)
    x$fpl$printf1                            0x080062ac   Section        4  printf1.o(x$fpl$printf1)
    x$fpl$retnan                             0x080062b0   Section      100  retnan.o(x$fpl$retnan)
    x$fpl$scalbn                             0x08006314   Section       92  scalbn.o(x$fpl$scalbn)
    x$fpl$scanf1                             0x08006370   Section        4  scanf1.o(x$fpl$scanf1)
    x$fpl$scanf2                             0x08006374   Section        8  scanf2.o(x$fpl$scanf2)
    x$fpl$trapveneer                         0x0800637c   Section       48  trapv.o(x$fpl$trapveneer)
    uc_hextab                                0x080063ac   Data          20  _printf_hex_int.o(.constdata)
    .constdata                               0x080063ac   Section       40  _printf_hex_int.o(.constdata)
    x$fpl$usenofp                            0x080063ac   Section        0  usenofp.o(x$fpl$usenofp)
    lc_hextab                                0x080063c0   Data          20  _printf_hex_int.o(.constdata)
    tenpwrs_x                                0x080063d4   Data          60  bigflt0.o(.constdata)
    .constdata                               0x080063d4   Section      148  bigflt0.o(.constdata)
    tenpwrs_i                                0x08006410   Data          64  bigflt0.o(.constdata)
    .L__const.HAL_RCC_GetSysClockFreq.aPredivFactorTable 0x08006468   Data           2  stm32f1xx_hal_rcc.o(.rodata..L__const.HAL_RCC_GetSysClockFreq.aPredivFactorTable)
    .L__const.HAL_RCC_GetSysClockFreq.aPLLMULFactorTable 0x08006482   Data          16  stm32f1xx_hal_rcc.o(.rodata.cst16)
    .L.str.3                                 0x08006492   Data           6  cjson.o(.rodata.str1.1)
    [Anonymous Symbol]                       0x08006492   Section        0  cjson.o(.rodata.str1.1)
    .L.str.4                                 0x08006498   Data           5  cjson.o(.rodata.str1.1)
    .L.str.2                                 0x0800649d   Data           5  cjson.o(.rodata.str1.1)
    c$$dinf                                  0x080064c4   Section        8  fpconst.o(c$$dinf)
    c$$dmax                                  0x080064cc   Section        8  fpconst.o(c$$dmax)
    locale$$data                             0x080064d4   Section      272  lc_ctype_c.o(locale$$data)
    __lcctype_c_name                         0x080064d8   Data           2  lc_ctype_c.o(locale$$data)
    __lcctype_c_start                        0x080064e0   Data           0  lc_ctype_c.o(locale$$data)
    __lcctype_c_end                          0x080065e4   Data           0  lc_ctype_c.o(locale$$data)
    locale$$data                             0x080065e4   Section       28  lc_numeric_c.o(locale$$data)
    __lcnum_c_name                           0x080065e8   Data           2  lc_numeric_c.o(locale$$data)
    __lcnum_c_start                          0x080065f0   Data           0  lc_numeric_c.o(locale$$data)
    __lcnum_c_point                          0x080065fc   Data           0  lc_numeric_c.o(locale$$data)
    __lcnum_c_thousands                      0x080065fe   Data           0  lc_numeric_c.o(locale$$data)
    __lcnum_c_grouping                       0x080065ff   Data           0  lc_numeric_c.o(locale$$data)
    __lcnum_c_end                            0x08006600   Data           0  lc_numeric_c.o(locale$$data)
    .L_MergedGlobals                         0x20000000   Data           8  stm32f1xx_hal.o(.data..L_MergedGlobals)
    [Anonymous Symbol]                       0x20000000   Section        0  stm32f1xx_hal.o(.data..L_MergedGlobals)
    global_hooks                             0x200000f0   Data          12  cjson.o(.data.global_hooks)
    [Anonymous Symbol]                       0x200000f0   Section        0  cjson.o(.data.global_hooks)
    .bss                                     0x20000100   Section       96  libspace.o(.bss)
    .L_MergedGlobals                         0x20000160   Data           4  commnication.o(.bss..L_MergedGlobals)
    [Anonymous Symbol]                       0x20000160   Section        0  commnication.o(.bss..L_MergedGlobals)
    .L_MergedGlobals                         0x20000164   Data           8  cjson.o(.bss..L_MergedGlobals)
    global_error.0                           0x20000164   Data           4  cjson.o(.bss..L_MergedGlobals)
    [Anonymous Symbol]                       0x20000164   Section        0  cjson.o(.bss..L_MergedGlobals)
    global_error.1                           0x20000168   Data           4  cjson.o(.bss..L_MergedGlobals)
    Heap_Mem                                 0x200009f0   Data         512  startup_stm32f103xe.o(HEAP)
    HEAP                                     0x200009f0   Section      512  startup_stm32f103xe.o(HEAP)
    Stack_Mem                                0x20000bf0   Data        1024  startup_stm32f103xe.o(STACK)
    STACK                                    0x20000bf0   Section     1024  startup_stm32f103xe.o(STACK)
    __initial_sp                             0x20000ff0   Data           0  startup_stm32f103xe.o(STACK)

    Global Symbols

    Symbol Name                              Value     Ov Type        Size  Object(Section)

    BuildAttributes$$THM_ISAv4$P$D$K$B$S$PE$A:L22UL41UL21$X:L11$S22US41US21$IEEE1$IW$~IW$USESV6$~STKCKD$USESV7$~SHL$OTIME$ROPI$IEEEX$EBA8$UX$STANDARDLIB$REQ8$PRES8$EABIv2 0x00000000   Number         0  anon$$obj.o ABSOLUTE
    __fp_init_empty                          0x00000000   Number         0  fpinit_empty.o ABSOLUTE
    _printf_flags                            0x00000000   Number         0  printf_stubs.o ABSOLUTE
    _printf_return_value                     0x00000000   Number         0  printf_stubs.o ABSOLUTE
    _printf_sizespec                         0x00000000   Number         0  printf_stubs.o ABSOLUTE
    _printf_widthprec                        0x00000000   Number         0  printf_stubs.o ABSOLUTE
    __ARM_exceptions_init                     - Undefined Weak Reference
    __alloca_initialize                       - Undefined Weak Reference
    __arm_preinit_                            - Undefined Weak Reference
    __arm_relocate_pie_                       - Undefined Weak Reference
    __cpp_initialize__aeabi_                  - Undefined Weak Reference
    __cxa_finalize                            - Undefined Weak Reference
    __sigvec_lookup                           - Undefined Weak Reference
    __user_heap_extent                        - Undefined Weak Reference
    _atexit_init                              - Undefined Weak Reference
    _call_atexit_fns                          - Undefined Weak Reference
    _clock_init                               - Undefined Weak Reference
    _fp_trap_init                             - Undefined Weak Reference
    _fp_trap_shutdown                         - Undefined Weak Reference
    _get_lc_collate                           - Undefined Weak Reference
    _get_lc_monetary                          - Undefined Weak Reference
    _get_lc_time                              - Undefined Weak Reference
    _getenv_init                              - Undefined Weak Reference
    _handle_redirection                       - Undefined Weak Reference
    _initio                                   - Undefined Weak Reference
    _mutex_acquire                            - Undefined Weak Reference
    _mutex_free                               - Undefined Weak Reference
    _mutex_release                            - Undefined Weak Reference
    _printf_truncate_signed                   - Undefined Weak Reference
    _printf_truncate_unsigned                 - Undefined Weak Reference
    _rand_init                                - Undefined Weak Reference
    _scanf_int                                - Undefined Weak Reference
    _scanf_longlong                           - Undefined Weak Reference
    _scanf_mbtowc                             - Undefined Weak Reference
    _scanf_string                             - Undefined Weak Reference
    _scanf_wctomb                             - Undefined Weak Reference
    _scanf_wstring                            - Undefined Weak Reference
    _signal_finish                            - Undefined Weak Reference
    _signal_init                              - Undefined Weak Reference
    _terminateio                              - Undefined Weak Reference
    __Vectors_Size                           0x00000130   Number         0  startup_stm32f103xe.o ABSOLUTE
    __Vectors                                0x08000000   Data           4  startup_stm32f103xe.o(RESET)
    __Vectors_End                            0x08000130   Data           0  startup_stm32f103xe.o(RESET)
    __main                                   0x08000131   Thumb Code     8  __main.o(!!!main)
    __scatterload                            0x08000139   Thumb Code     0  __scatter.o(!!!scatter)
    __scatterload_rt2                        0x08000139   Thumb Code    44  __scatter.o(!!!scatter)
    __scatterload_rt2_thumb_only             0x08000139   Thumb Code     0  __scatter.o(!!!scatter)
    __scatterload_null                       0x08000147   Thumb Code     0  __scatter.o(!!!scatter)
    __scatterload_copy                       0x0800016d   Thumb Code    26  __scatter_copy.o(!!handler_copy)
    __scatterload_zeroinit                   0x08000189   Thumb Code    28  __scatter_zi.o(!!handler_zi)
    _printf_g                                0x080001a5   Thumb Code     0  _printf_g.o(.ARM.Collect$$_printf_percent$$00000005)
    _printf_percent                          0x080001a5   Thumb Code     0  _printf_percent.o(.ARM.Collect$$_printf_percent$$00000000)
    _printf_i                                0x080001ab   Thumb Code     0  _printf_i.o(.ARM.Collect$$_printf_percent$$00000008)
    _printf_d                                0x080001b1   Thumb Code     0  _printf_d.o(.ARM.Collect$$_printf_percent$$00000009)
    _printf_x                                0x080001b7   Thumb Code     0  _printf_x.o(.ARM.Collect$$_printf_percent$$0000000C)
    _printf_percent_end                      0x080001bd   Thumb Code     0  _printf_percent_end.o(.ARM.Collect$$_printf_percent$$00000017)
    __rt_lib_init                            0x080001c1   Thumb Code     0  libinit.o(.ARM.Collect$$libinit$$00000000)
    __rt_lib_init_fp_1                       0x080001c3   Thumb Code     0  libinit2.o(.ARM.Collect$$libinit$$00000002)
    __rt_lib_init_heap_2                     0x080001c3   Thumb Code     0  libinit2.o(.ARM.Collect$$libinit$$00000007)
    __rt_lib_init_preinit_1                  0x080001c3   Thumb Code     0  libinit2.o(.ARM.Collect$$libinit$$00000006)
    __rt_lib_init_relocate_pie_1             0x080001c3   Thumb Code     0  libinit2.o(.ARM.Collect$$libinit$$00000004)
    __rt_lib_init_heap_1                     0x080001cb   Thumb Code     0  libinit2.o(.ARM.Collect$$libinit$$0000000C)
    __rt_lib_init_lc_common                  0x080001cb   Thumb Code     0  libinit2.o(.ARM.Collect$$libinit$$00000011)
    __rt_lib_init_rand_1                     0x080001cb   Thumb Code     0  libinit2.o(.ARM.Collect$$libinit$$00000010)
    __rt_lib_init_user_alloc_1               0x080001cb   Thumb Code     0  libinit2.o(.ARM.Collect$$libinit$$0000000E)
    __rt_lib_init_lc_collate_1               0x080001d1   Thumb Code     0  libinit2.o(.ARM.Collect$$libinit$$00000013)
    __rt_lib_init_lc_ctype_2                 0x080001d1   Thumb Code     0  libinit2.o(.ARM.Collect$$libinit$$00000014)
    __rt_lib_init_lc_ctype_1                 0x080001dd   Thumb Code     0  libinit2.o(.ARM.Collect$$libinit$$00000015)
    __rt_lib_init_lc_monetary_1              0x080001dd   Thumb Code     0  libinit2.o(.ARM.Collect$$libinit$$00000017)
    __rt_lib_init_lc_numeric_2               0x080001dd   Thumb Code     0  libinit2.o(.ARM.Collect$$libinit$$00000018)
    __rt_lib_init_alloca_1                   0x080001e7   Thumb Code     0  libinit2.o(.ARM.Collect$$libinit$$00000030)
    __rt_lib_init_argv_1                     0x080001e7   Thumb Code     0  libinit2.o(.ARM.Collect$$libinit$$0000002E)
    __rt_lib_init_atexit_1                   0x080001e7   Thumb Code     0  libinit2.o(.ARM.Collect$$libinit$$0000001D)
    __rt_lib_init_clock_1                    0x080001e7   Thumb Code     0  libinit2.o(.ARM.Collect$$libinit$$00000023)
    __rt_lib_init_cpp_1                      0x080001e7   Thumb Code     0  libinit2.o(.ARM.Collect$$libinit$$00000034)
    __rt_lib_init_exceptions_1               0x080001e7   Thumb Code     0  libinit2.o(.ARM.Collect$$libinit$$00000032)
    __rt_lib_init_fp_trap_1                  0x080001e7   Thumb Code     0  libinit2.o(.ARM.Collect$$libinit$$00000021)
    __rt_lib_init_getenv_1                   0x080001e7   Thumb Code     0  libinit2.o(.ARM.Collect$$libinit$$00000025)
    __rt_lib_init_lc_numeric_1               0x080001e7   Thumb Code     0  libinit2.o(.ARM.Collect$$libinit$$00000019)
    __rt_lib_init_lc_time_1                  0x080001e7   Thumb Code     0  libinit2.o(.ARM.Collect$$libinit$$0000001B)
    __rt_lib_init_return                     0x080001e7   Thumb Code     0  libinit2.o(.ARM.Collect$$libinit$$00000035)
    __rt_lib_init_signal_1                   0x080001e7   Thumb Code     0  libinit2.o(.ARM.Collect$$libinit$$0000001F)
    __rt_lib_init_stdio_1                    0x080001e7   Thumb Code     0  libinit2.o(.ARM.Collect$$libinit$$00000027)
    __rt_lib_shutdown                        0x080001e9   Thumb Code     0  libshutdown.o(.ARM.Collect$$libshutdown$$00000000)
    __rt_lib_shutdown_cpp_1                  0x080001eb   Thumb Code     0  libshutdown2.o(.ARM.Collect$$libshutdown$$00000002)
    __rt_lib_shutdown_fp_trap_1              0x080001eb   Thumb Code     0  libshutdown2.o(.ARM.Collect$$libshutdown$$00000007)
    __rt_lib_shutdown_heap_1                 0x080001eb   Thumb Code     0  libshutdown2.o(.ARM.Collect$$libshutdown$$0000000F)
    __rt_lib_shutdown_return                 0x080001eb   Thumb Code     0  libshutdown2.o(.ARM.Collect$$libshutdown$$00000010)
    __rt_lib_shutdown_signal_1               0x080001eb   Thumb Code     0  libshutdown2.o(.ARM.Collect$$libshutdown$$0000000A)
    __rt_lib_shutdown_stdio_1                0x080001eb   Thumb Code     0  libshutdown2.o(.ARM.Collect$$libshutdown$$00000004)
    __rt_lib_shutdown_user_alloc_1           0x080001eb   Thumb Code     0  libshutdown2.o(.ARM.Collect$$libshutdown$$0000000C)
    __rt_entry                               0x080001ed   Thumb Code     0  __rtentry.o(.ARM.Collect$$rtentry$$00000000)
    __rt_entry_presh_1                       0x080001ed   Thumb Code     0  __rtentry2.o(.ARM.Collect$$rtentry$$00000002)
    __rt_entry_sh                            0x080001ed   Thumb Code     0  __rtentry4.o(.ARM.Collect$$rtentry$$00000004)
    __rt_entry_li                            0x080001f3   Thumb Code     0  __rtentry2.o(.ARM.Collect$$rtentry$$0000000A)
    __rt_entry_postsh_1                      0x080001f3   Thumb Code     0  __rtentry2.o(.ARM.Collect$$rtentry$$00000009)
    __rt_entry_main                          0x080001f7   Thumb Code     0  __rtentry2.o(.ARM.Collect$$rtentry$$0000000D)
    __rt_entry_postli_1                      0x080001f7   Thumb Code     0  __rtentry2.o(.ARM.Collect$$rtentry$$0000000C)
    __rt_exit                                0x080001ff   Thumb Code     0  rtexit.o(.ARM.Collect$$rtexit$$00000000)
    __rt_exit_ls                             0x08000201   Thumb Code     0  rtexit2.o(.ARM.Collect$$rtexit$$00000003)
    __rt_exit_prels_1                        0x08000201   Thumb Code     0  rtexit2.o(.ARM.Collect$$rtexit$$00000002)
    __rt_exit_exit                           0x08000205   Thumb Code     0  rtexit2.o(.ARM.Collect$$rtexit$$00000004)
    Reset_Handler                            0x0800020d   Thumb Code     8  startup_stm32f103xe.o(.text)
    ADC1_2_IRQHandler                        0x08000227   Thumb Code     0  startup_stm32f103xe.o(.text)
    ADC3_IRQHandler                          0x08000227   Thumb Code     0  startup_stm32f103xe.o(.text)
    CAN1_RX1_IRQHandler                      0x08000227   Thumb Code     0  startup_stm32f103xe.o(.text)
    CAN1_SCE_IRQHandler                      0x08000227   Thumb Code     0  startup_stm32f103xe.o(.text)
    DMA1_Channel1_IRQHandler                 0x08000227   Thumb Code     0  startup_stm32f103xe.o(.text)
    DMA1_Channel2_IRQHandler                 0x08000227   Thumb Code     0  startup_stm32f103xe.o(.text)
    DMA1_Channel3_IRQHandler                 0x08000227   Thumb Code     0  startup_stm32f103xe.o(.text)
    DMA1_Channel4_IRQHandler                 0x08000227   Thumb Code     0  startup_stm32f103xe.o(.text)
    DMA1_Channel5_IRQHandler                 0x08000227   Thumb Code     0  startup_stm32f103xe.o(.text)
    DMA1_Channel6_IRQHandler                 0x08000227   Thumb Code     0  startup_stm32f103xe.o(.text)
    DMA1_Channel7_IRQHandler                 0x08000227   Thumb Code     0  startup_stm32f103xe.o(.text)
    DMA2_Channel1_IRQHandler                 0x08000227   Thumb Code     0  startup_stm32f103xe.o(.text)
    DMA2_Channel2_IRQHandler                 0x08000227   Thumb Code     0  startup_stm32f103xe.o(.text)
    DMA2_Channel3_IRQHandler                 0x08000227   Thumb Code     0  startup_stm32f103xe.o(.text)
    DMA2_Channel4_5_IRQHandler               0x08000227   Thumb Code     0  startup_stm32f103xe.o(.text)
    FSMC_IRQHandler                          0x08000227   Thumb Code     0  startup_stm32f103xe.o(.text)
    I2C1_ER_IRQHandler                       0x08000227   Thumb Code     0  startup_stm32f103xe.o(.text)
    I2C2_ER_IRQHandler                       0x08000227   Thumb Code     0  startup_stm32f103xe.o(.text)
    I2C2_EV_IRQHandler                       0x08000227   Thumb Code     0  startup_stm32f103xe.o(.text)
    RTC_Alarm_IRQHandler                     0x08000227   Thumb Code     0  startup_stm32f103xe.o(.text)
    RTC_IRQHandler                           0x08000227   Thumb Code     0  startup_stm32f103xe.o(.text)
    SDIO_IRQHandler                          0x08000227   Thumb Code     0  startup_stm32f103xe.o(.text)
    SPI1_IRQHandler                          0x08000227   Thumb Code     0  startup_stm32f103xe.o(.text)
    SPI2_IRQHandler                          0x08000227   Thumb Code     0  startup_stm32f103xe.o(.text)
    SPI3_IRQHandler                          0x08000227   Thumb Code     0  startup_stm32f103xe.o(.text)
    TAMPER_IRQHandler                        0x08000227   Thumb Code     0  startup_stm32f103xe.o(.text)
    TIM1_BRK_IRQHandler                      0x08000227   Thumb Code     0  startup_stm32f103xe.o(.text)
    TIM1_CC_IRQHandler                       0x08000227   Thumb Code     0  startup_stm32f103xe.o(.text)
    TIM1_TRG_COM_IRQHandler                  0x08000227   Thumb Code     0  startup_stm32f103xe.o(.text)
    TIM1_UP_IRQHandler                       0x08000227   Thumb Code     0  startup_stm32f103xe.o(.text)
    TIM2_IRQHandler                          0x08000227   Thumb Code     0  startup_stm32f103xe.o(.text)
    TIM3_IRQHandler                          0x08000227   Thumb Code     0  startup_stm32f103xe.o(.text)
    TIM4_IRQHandler                          0x08000227   Thumb Code     0  startup_stm32f103xe.o(.text)
    TIM5_IRQHandler                          0x08000227   Thumb Code     0  startup_stm32f103xe.o(.text)
    TIM6_IRQHandler                          0x08000227   Thumb Code     0  startup_stm32f103xe.o(.text)
    TIM7_IRQHandler                          0x08000227   Thumb Code     0  startup_stm32f103xe.o(.text)
    TIM8_BRK_IRQHandler                      0x08000227   Thumb Code     0  startup_stm32f103xe.o(.text)
    TIM8_CC_IRQHandler                       0x08000227   Thumb Code     0  startup_stm32f103xe.o(.text)
    TIM8_TRG_COM_IRQHandler                  0x08000227   Thumb Code     0  startup_stm32f103xe.o(.text)
    TIM8_UP_IRQHandler                       0x08000227   Thumb Code     0  startup_stm32f103xe.o(.text)
    UART4_IRQHandler                         0x08000227   Thumb Code     0  startup_stm32f103xe.o(.text)
    UART5_IRQHandler                         0x08000227   Thumb Code     0  startup_stm32f103xe.o(.text)
    USART2_IRQHandler                        0x08000227   Thumb Code     0  startup_stm32f103xe.o(.text)
    USART3_IRQHandler                        0x08000227   Thumb Code     0  startup_stm32f103xe.o(.text)
    USBWakeUp_IRQHandler                     0x08000227   Thumb Code     0  startup_stm32f103xe.o(.text)
    USB_HP_CAN1_TX_IRQHandler                0x08000227   Thumb Code     0  startup_stm32f103xe.o(.text)
    USB_LP_CAN1_RX0_IRQHandler               0x08000227   Thumb Code     0  startup_stm32f103xe.o(.text)
    WWDG_IRQHandler                          0x08000227   Thumb Code     0  startup_stm32f103xe.o(.text)
    __user_initial_stackheap                 0x08000229   Thumb Code     0  startup_stm32f103xe.o(.text)
    malloc                                   0x0800024d   Thumb Code    94  h1_alloc.o(.text)
    free                                     0x080002ab   Thumb Code    78  h1_free.o(.text)
    realloc                                  0x080002f9   Thumb Code   196  h1_realloc.o(.text)
    tolower                                  0x080003bd   Thumb Code    26  tolower.o(.text)
    _printf_pre_padding                      0x080003d7   Thumb Code    44  _printf_pad.o(.text)
    _printf_post_padding                     0x08000403   Thumb Code    34  _printf_pad.o(.text)
    _printf_int_dec                          0x08000425   Thumb Code   104  _printf_dec.o(.text)
    _printf_int_hex                          0x0800049d   Thumb Code    84  _printf_hex_int.o(.text)
    _printf_longlong_hex                     0x0800049d   Thumb Code     0  _printf_hex_int.o(.text)
    strncmp                                  0x080004f5   Thumb Code   150  strncmp.o(.text)
    __aeabi_memclr4                          0x0800058b   Thumb Code     0  rt_memclr_w.o(.text)
    __aeabi_memclr8                          0x0800058b   Thumb Code     0  rt_memclr_w.o(.text)
    __rt_memclr_w                            0x0800058b   Thumb Code     0  rt_memclr_w.o(.text)
    _memset_w                                0x0800058f   Thumb Code    74  rt_memclr_w.o(.text)
    strcmp                                   0x080005d9   Thumb Code   128  strcmpv7m.o(.text)
    __use_two_region_memory                  0x08000659   Thumb Code     2  heapauxi.o(.text)
    __rt_heap_escrow                         0x0800065b   Thumb Code     2  heapauxi.o(.text)
    __rt_heap_expand                         0x0800065d   Thumb Code     2  heapauxi.o(.text)
    __rt_ctype_table                         0x08000661   Thumb Code    16  rt_ctype_table.o(.text)
    __rt_heap_descriptor                     0x08000671   Thumb Code     8  rt_heap_descriptor_intlibspace.o(.text)
    __use_no_heap                            0x08000679   Thumb Code     2  hguard.o(.text)
    __heap$guard                             0x0800067b   Thumb Code     2  hguard.o(.text)
    _terminate_user_alloc                    0x0800067d   Thumb Code     2  init_alloc.o(.text)
    _init_user_alloc                         0x0800067f   Thumb Code     2  init_alloc.o(.text)
    __Heap_Full                              0x08000681   Thumb Code    34  init_alloc.o(.text)
    __Heap_Broken                            0x080006a3   Thumb Code     6  init_alloc.o(.text)
    _init_alloc                              0x080006a9   Thumb Code    94  init_alloc.o(.text)
    __Heap_Initialize                        0x08000707   Thumb Code    10  h1_init.o(.text)
    __Heap_DescSize                          0x08000711   Thumb Code     4  h1_init.o(.text)
    _printf_int_common                       0x08000715   Thumb Code   178  _printf_intcommon.o(.text)
    _printf_fp_dec_real                      0x08000977   Thumb Code   620  _printf_fp_dec.o(.text)
    _scanf_really_real                       0x08000e31   Thumb Code   684  scanf_fp.o(.text)
    _sgetc                                   0x080010dd   Thumb Code    30  _sgetc.o(.text)
    _sbackspace                              0x080010fb   Thumb Code    34  _sgetc.o(.text)
    __strtod_int                             0x08001161   Thumb Code    94  strtod.o(.text)
    __aeabi_memcpy4                          0x080011cd   Thumb Code     0  rt_memcpy_w.o(.text)
    __aeabi_memcpy8                          0x080011cd   Thumb Code     0  rt_memcpy_w.o(.text)
    __rt_memcpy_w                            0x080011cd   Thumb Code   100  rt_memcpy_w.o(.text)
    _memcpy_lastbytes_aligned                0x08001215   Thumb Code     0  rt_memcpy_w.o(.text)
    __user_libspace                          0x08001231   Thumb Code     8  libspace.o(.text)
    __user_perproc_libspace                  0x08001231   Thumb Code     0  libspace.o(.text)
    __user_perthread_libspace                0x08001231   Thumb Code     0  libspace.o(.text)
    __rt_locale                              0x08001239   Thumb Code     8  rt_locale_intlibspace.o(.text)
    __aeabi_errno_addr                       0x08001241   Thumb Code     8  rt_errno_addr_intlibspace.o(.text)
    __errno$intlibspace                      0x08001241   Thumb Code     0  rt_errno_addr_intlibspace.o(.text)
    __rt_errno_addr$intlibspace              0x08001241   Thumb Code     0  rt_errno_addr_intlibspace.o(.text)
    __Heap_ProvideMemory                     0x08001249   Thumb Code    52  h1_extend.o(.text)
    _maybe_terminate_alloc                   0x08001249   Thumb Code     0  maybetermalloc1.o(.text)
    __aeabi_llsl                             0x0800127d   Thumb Code     0  llshl.o(.text)
    _ll_shift_l                              0x0800127d   Thumb Code    38  llshl.o(.text)
    _ll_udiv10                               0x080012a3   Thumb Code   138  lludiv10.o(.text)
    isspace                                  0x0800132d   Thumb Code    18  isspace.o(.text)
    _printf_fp_infnan                        0x08001341   Thumb Code   112  _printf_fp_infnan.o(.text)
    _btod_etento                             0x080013c1   Thumb Code   224  bigflt0.o(.text)
    __rt_SIGRTMEM                            0x080014a5   Thumb Code    14  defsig_rtmem_outer.o(.text)
    __I$use$semihosting                      0x080014b3   Thumb Code     0  use_no_semi.o(.text)
    __use_no_semihosting_swi                 0x080014b3   Thumb Code     2  use_no_semi.o(.text)
    __semihosting_library_function           0x080014b5   Thumb Code     0  indicate_semi.o(.text)
    __user_setup_stackheap                   0x080014b5   Thumb Code    74  sys_stackheap_outer.o(.text)
    __read_errno                             0x080014ff   Thumb Code    10  _rserrno.o(.text)
    __set_errno                              0x08001509   Thumb Code    12  _rserrno.o(.text)
    _scanf_really_hex_real                   0x08001515   Thumb Code   786  scanf_hexfp.o(.text)
    _scanf_really_infnan                     0x08001835   Thumb Code   292  scanf_infnan.o(.text)
    exit                                     0x08001969   Thumb Code    18  exit.o(.text)
    __sig_exit                               0x0800197b   Thumb Code    10  defsig_exit.o(.text)
    __rt_SIGRTMEM_inner                      0x08001985   Thumb Code    22  defsig_rtmem_inner.o(.text)
    _sys_exit                                0x080019d5   Thumb Code     8  sys_exit.o(.text)
    _chval                                   0x080019e1   Thumb Code    28  _chval.o(.text)
    __default_signal_display                 0x080019fd   Thumb Code    50  defsig_general.o(.text)
    _ttywrch                                 0x08001a2f   Thumb Code    14  sys_wrch.o(.text)
    BusFault_Handler                         0x08001a3d   Thumb Code     2  stm32f1xx_it.o(.text.BusFault_Handler)
    DebugMon_Handler                         0x08001a41   Thumb Code     2  stm32f1xx_it.o(.text.DebugMon_Handler)
    EXTI0_IRQHandler                         0x08001a45   Thumb Code     6  stm32f1xx_it.o(.text.EXTI0_IRQHandler)
    EXTI15_10_IRQHandler                     0x08001a4d   Thumb Code    54  stm32f1xx_it.o(.text.EXTI15_10_IRQHandler)
    EXTI1_IRQHandler                         0x08001a85   Thumb Code     6  stm32f1xx_it.o(.text.EXTI1_IRQHandler)
    EXTI2_IRQHandler                         0x08001a8d   Thumb Code     6  stm32f1xx_it.o(.text.EXTI2_IRQHandler)
    EXTI3_IRQHandler                         0x08001a95   Thumb Code     6  stm32f1xx_it.o(.text.EXTI3_IRQHandler)
    EXTI4_IRQHandler                         0x08001a9d   Thumb Code     6  stm32f1xx_it.o(.text.EXTI4_IRQHandler)
    EXTI9_5_IRQHandler                       0x08001aa5   Thumb Code    40  stm32f1xx_it.o(.text.EXTI9_5_IRQHandler)
    EncoderCount                             0x08001acd   Thumb Code   736  main.o(.text.EncoderCount)
    Error_Handler                            0x08001dad   Thumb Code    10  main.o(.text.Error_Handler)
    FLASH_IRQHandler                         0x08001db9   Thumb Code     4  stm32f1xx_it.o(.text.FLASH_IRQHandler)
    FLASH_PageErase                          0x08001dbd   Thumb Code    40  stm32f1xx_hal_flash_ex.o(.text.FLASH_PageErase)
    HAL_DMA_Abort                            0x08001de5   Thumb Code    70  stm32f1xx_hal_dma.o(.text.HAL_DMA_Abort)
    HAL_DMA_Abort_IT                         0x08001e2d   Thumb Code   294  stm32f1xx_hal_dma.o(.text.HAL_DMA_Abort_IT)
    HAL_DMA_GetState                         0x08001f55   Thumb Code     6  stm32f1xx_hal_dma.o(.text.HAL_DMA_GetState)
    HAL_FLASH_EndOfOperationCallback         0x08001f5d   Thumb Code     2  stm32f1xx_hal_flash.o(.text.HAL_FLASH_EndOfOperationCallback)
    HAL_FLASH_IRQHandler                     0x08001f61   Thumb Code   372  stm32f1xx_hal_flash.o(.text.HAL_FLASH_IRQHandler)
    HAL_FLASH_OperationErrorCallback         0x080020d5   Thumb Code     2  stm32f1xx_hal_flash.o(.text.HAL_FLASH_OperationErrorCallback)
    HAL_GPIO_EXTI_Callback                   0x080020d9   Thumb Code     4  main.o(.text.HAL_GPIO_EXTI_Callback)
    HAL_GPIO_EXTI_IRQHandler                 0x080020dd   Thumb Code    22  stm32f1xx_hal_gpio.o(.text.HAL_GPIO_EXTI_IRQHandler)
    HAL_GPIO_Init                            0x080020f5   Thumb Code   506  stm32f1xx_hal_gpio.o(.text.HAL_GPIO_Init)
    HAL_GPIO_ReadPin                         0x080022f1   Thumb Code    10  stm32f1xx_hal_gpio.o(.text.HAL_GPIO_ReadPin)
    HAL_GPIO_WritePin                        0x080022fd   Thumb Code    10  stm32f1xx_hal_gpio.o(.text.HAL_GPIO_WritePin)
    HAL_GetTick                              0x08002309   Thumb Code    12  stm32f1xx_hal.o(.text.HAL_GetTick)
    HAL_I2C_AbortCpltCallback                0x08002315   Thumb Code     2  stm32f1xx_hal_i2c.o(.text.HAL_I2C_AbortCpltCallback)
    HAL_I2C_AddrCallback                     0x08002319   Thumb Code     2  stm32f1xx_hal_i2c.o(.text.HAL_I2C_AddrCallback)
    HAL_I2C_EV_IRQHandler                    0x0800231d   Thumb Code  1628  stm32f1xx_hal_i2c.o(.text.HAL_I2C_EV_IRQHandler)
    HAL_I2C_ErrorCallback                    0x08002979   Thumb Code     2  stm32f1xx_hal_i2c.o(.text.HAL_I2C_ErrorCallback)
    HAL_I2C_Init                             0x0800297d   Thumb Code   374  stm32f1xx_hal_i2c.o(.text.HAL_I2C_Init)
    HAL_I2C_ListenCpltCallback               0x08002af5   Thumb Code     2  stm32f1xx_hal_i2c.o(.text.HAL_I2C_ListenCpltCallback)
    HAL_I2C_MasterRxCpltCallback             0x08002af9   Thumb Code     2  stm32f1xx_hal_i2c.o(.text.HAL_I2C_MasterRxCpltCallback)
    HAL_I2C_MasterTxCpltCallback             0x08002afd   Thumb Code     2  stm32f1xx_hal_i2c.o(.text.HAL_I2C_MasterTxCpltCallback)
    HAL_I2C_MemRxCpltCallback                0x08002b01   Thumb Code     2  stm32f1xx_hal_i2c.o(.text.HAL_I2C_MemRxCpltCallback)
    HAL_I2C_MemTxCpltCallback                0x08002b05   Thumb Code     2  stm32f1xx_hal_i2c.o(.text.HAL_I2C_MemTxCpltCallback)
    HAL_I2C_MspInit                          0x08002b09   Thumb Code   114  i2c.o(.text.HAL_I2C_MspInit)
    HAL_I2C_SlaveRxCpltCallback              0x08002b7d   Thumb Code     2  stm32f1xx_hal_i2c.o(.text.HAL_I2C_SlaveRxCpltCallback)
    HAL_I2C_SlaveTxCpltCallback              0x08002b81   Thumb Code     2  stm32f1xx_hal_i2c.o(.text.HAL_I2C_SlaveTxCpltCallback)
    HAL_IncTick                              0x08002b85   Thumb Code    26  stm32f1xx_hal.o(.text.HAL_IncTick)
    HAL_Init                                 0x08002ba1   Thumb Code    38  stm32f1xx_hal.o(.text.HAL_Init)
    HAL_InitTick                             0x08002bc9   Thumb Code    72  stm32f1xx_hal.o(.text.HAL_InitTick)
    HAL_MspInit                              0x08002c11   Thumb Code   102  stm32f1xx_hal_msp.o(.text.HAL_MspInit)
    HAL_NVIC_EnableIRQ                       0x08002c79   Thumb Code    38  stm32f1xx_hal_cortex.o(.text.HAL_NVIC_EnableIRQ)
    HAL_NVIC_SetPriority                     0x08002ca1   Thumb Code    86  stm32f1xx_hal_cortex.o(.text.HAL_NVIC_SetPriority)
    HAL_NVIC_SetPriorityGrouping             0x08002cf9   Thumb Code    32  stm32f1xx_hal_cortex.o(.text.HAL_NVIC_SetPriorityGrouping)
    HAL_PWR_PVDCallback                      0x08002d19   Thumb Code     2  stm32f1xx_hal_pwr.o(.text.HAL_PWR_PVDCallback)
    HAL_PWR_PVD_IRQHandler                   0x08002d1d   Thumb Code    30  stm32f1xx_hal_pwr.o(.text.HAL_PWR_PVD_IRQHandler)
    HAL_RCC_ClockConfig                      0x08002d3d   Thumb Code   446  stm32f1xx_hal_rcc.o(.text.HAL_RCC_ClockConfig)
    HAL_RCC_GetPCLK1Freq                     0x08002efd   Thumb Code    38  stm32f1xx_hal_rcc.o(.text.HAL_RCC_GetPCLK1Freq)
    HAL_RCC_GetPCLK2Freq                     0x08002f25   Thumb Code    38  stm32f1xx_hal_rcc.o(.text.HAL_RCC_GetPCLK2Freq)
    HAL_RCC_OscConfig                        0x08002f4d   Thumb Code   948  stm32f1xx_hal_rcc.o(.text.HAL_RCC_OscConfig)
    HAL_SYSTICK_Config                       0x08003301   Thumb Code    44  stm32f1xx_hal_cortex.o(.text.HAL_SYSTICK_Config)
    HAL_UARTEx_RxEventCallback               0x0800332d   Thumb Code     2  stm32f1xx_hal_uart.o(.text.HAL_UARTEx_RxEventCallback)
    HAL_UART_ErrorCallback                   0x08003331   Thumb Code     2  stm32f1xx_hal_uart.o(.text.HAL_UART_ErrorCallback)
    HAL_UART_IRQHandler                      0x08003335   Thumb Code   624  stm32f1xx_hal_uart.o(.text.HAL_UART_IRQHandler)
    HAL_UART_Init                            0x080035a5   Thumb Code   224  stm32f1xx_hal_uart.o(.text.HAL_UART_Init)
    HAL_UART_MspInit                         0x08003685   Thumb Code   138  usart.o(.text.HAL_UART_MspInit)
    HAL_UART_Receive_IT                      0x08003711   Thumb Code    86  stm32f1xx_hal_uart.o(.text.HAL_UART_Receive_IT)
    HAL_UART_RxCpltCallback                  0x08003769   Thumb Code    94  commnication.o(.text.HAL_UART_RxCpltCallback)
    HAL_UART_TxCpltCallback                  0x080037c9   Thumb Code     2  stm32f1xx_hal_uart.o(.text.HAL_UART_TxCpltCallback)
    HardFault_Handler                        0x080037cd   Thumb Code     2  stm32f1xx_it.o(.text.HardFault_Handler)
    I2C1_EV_IRQHandler                       0x080037d1   Thumb Code    12  stm32f1xx_it.o(.text.I2C1_EV_IRQHandler)
    Init                                     0x08003e99   Thumb Code   138  control.o(.text.Init)
    MX_GPIO_Init                             0x08003f25   Thumb Code   436  gpio.o(.text.MX_GPIO_Init)
    MX_I2C1_Init                             0x080040d9   Thumb Code    66  i2c.o(.text.MX_I2C1_Init)
    MX_USART1_UART_Init                      0x0800411d   Thumb Code    60  usart.o(.text.MX_USART1_UART_Init)
    MemManage_Handler                        0x08004159   Thumb Code     2  stm32f1xx_it.o(.text.MemManage_Handler)
    Motor_Init                               0x0800415d   Thumb Code   342  control.o(.text.Motor_Init)
    MoveDown                                 0x080042b5   Thumb Code    30  control.o(.text.MoveDown)
    MoveUp                                   0x080042d5   Thumb Code    30  control.o(.text.MoveUp)
    NMI_Handler                              0x080042f5   Thumb Code     2  stm32f1xx_it.o(.text.NMI_Handler)
    PVD_IRQHandler                           0x080042f9   Thumb Code     4  stm32f1xx_it.o(.text.PVD_IRQHandler)
    PendSV_Handler                           0x080042fd   Thumb Code     2  stm32f1xx_it.o(.text.PendSV_Handler)
    Play                                     0x08004301   Thumb Code    38  control.o(.text.Play)
    RCC_IRQHandler                           0x08004329   Thumb Code     2  stm32f1xx_it.o(.text.RCC_IRQHandler)
    Reset                                    0x0800432d   Thumb Code    54  control.o(.text.Reset)
    SVC_Handler                              0x08004365   Thumb Code     2  stm32f1xx_it.o(.text.SVC_Handler)
    StepMove                                 0x08004369   Thumb Code    76  control.o(.text.StepMove)
    Stop                                     0x080043b5   Thumb Code    30  control.o(.text.Stop)
    SysTick_Handler                          0x080043d5   Thumb Code     4  stm32f1xx_it.o(.text.SysTick_Handler)
    SystemInit                               0x080043d9   Thumb Code     2  system_stm32f1xx.o(.text.SystemInit)
    USART1_IRQHandler                        0x080044a1   Thumb Code    12  stm32f1xx_it.o(.text.USART1_IRQHandler)
    UsageFault_Handler                       0x080044ad   Thumb Code     2  stm32f1xx_it.o(.text.UsageFault_Handler)
    cJSON_Delete                             0x08004529   Thumb Code    82  cjson.o(.text.cJSON_Delete)
    cJSON_GetArrayItem                       0x0800457d   Thumb Code    66  cjson.o(.text.cJSON_GetArrayItem)
    cJSON_GetObjectItem                      0x080045c1   Thumb Code     6  cjson.o(.text.cJSON_GetObjectItem)
    cJSON_ParseWithLength                    0x080045c9   Thumb Code     8  cjson.o(.text.cJSON_ParseWithLength)
    cJSON_ParseWithLengthOpts                0x080045d1   Thumb Code   476  cjson.o(.text.cJSON_ParseWithLengthOpts)
    main                                     0x0800486d   Thumb Code   336  main.o(.text.main)
    parseData                                0x080049bd   Thumb Code   472  commnication.o(.text.parseData)
    _btod_d2e                                0x08005407   Thumb Code    62  btod.o(CL$$btod_d2e)
    _d2e_denorm_low                          0x08005445   Thumb Code    70  btod.o(CL$$btod_d2e_denorm_low)
    _d2e_norm_op1                            0x0800548b   Thumb Code    96  btod.o(CL$$btod_d2e_norm_op1)
    __btod_div_common                        0x080054ed   Thumb Code   696  btod.o(CL$$btod_div_common)
    _e2d                                     0x08005825   Thumb Code   122  btod.o(CL$$btod_e2d)
    _e2e                                     0x080058a9   Thumb Code   220  btod.o(CL$$btod_e2e)
    _btod_ediv                               0x08005985   Thumb Code    42  btod.o(CL$$btod_ediv)
    _btod_edivd                              0x080059af   Thumb Code    42  btod.o(CL$$btod_edivd)
    _btod_emul                               0x080059d9   Thumb Code    42  btod.o(CL$$btod_emul)
    _btod_emuld                              0x08005a03   Thumb Code    42  btod.o(CL$$btod_emuld)
    __btod_mult_common                       0x08005a2d   Thumb Code   580  btod.o(CL$$btod_mult_common)
    __ARM_fpclassify                         0x08005c71   Thumb Code    40  fpclassify.o(i.__ARM_fpclassify)
    __mathlib_dbl_overflow                   0x08005c99   Thumb Code    14  dunder.o(i.__mathlib_dbl_overflow)
    __mathlib_dbl_underflow                  0x08005ca9   Thumb Code    10  dunder.o(i.__mathlib_dbl_underflow)
    __mathlib_narrow                         0x08005cb9   Thumb Code    16  narrow.o(i.__mathlib_narrow)
    __mathlib_tofloat                        0x08005cc9   Thumb Code   184  narrow.o(i.__mathlib_tofloat)
    __support_ldexp                          0x08005d85   Thumb Code    22  ldexp.o(i.__support_ldexp)
    _is_digit                                0x08005d9b   Thumb Code    14  __printf_wp.o(i._is_digit)
    frexp                                    0x08005da9   Thumb Code    80  frexp.o(i.frexp)
    ldexp                                    0x08005e01   Thumb Code   116  ldexp.o(i.ldexp)
    strtod                                   0x08005e75   Thumb Code    30  strtod.o(i.strtod)
    _get_lc_ctype                            0x08005e95   Thumb Code    44  lc_ctype_c.o(locale$$code)
    _get_lc_numeric                          0x08005ec1   Thumb Code    44  lc_numeric_c.o(locale$$code)
    __aeabi_d2f                              0x08005eed   Thumb Code     0  d2f.o(x$fpl$d2f)
    _d2f                                     0x08005eed   Thumb Code    98  d2f.o(x$fpl$d2f)
    __fpl_dcheck_NaN1                        0x08005f51   Thumb Code    10  dcheck1.o(x$fpl$dcheck1)
    __fpl_dcmp_Inf                           0x08005f61   Thumb Code    24  dcmpi.o(x$fpl$dcmpinf)
    __aeabi_cdcmpeq                          0x08005f79   Thumb Code     0  deqf.o(x$fpl$deqf)
    _dcmpeq                                  0x08005f79   Thumb Code   120  deqf.o(x$fpl$deqf)
    __aeabi_d2iz                             0x08005ff1   Thumb Code     0  dfix.o(x$fpl$dfix)
    _dfix                                    0x08005ff1   Thumb Code    94  dfix.o(x$fpl$dfix)
    __aeabi_cdcmpge                          0x08006051   Thumb Code     0  dgeqf.o(x$fpl$dgeqf)
    _dcmpge                                  0x08006051   Thumb Code   120  dgeqf.o(x$fpl$dgeqf)
    __aeabi_cdcmple                          0x080060c9   Thumb Code     0  dleqf.o(x$fpl$dleqf)
    _dcmple                                  0x080060c9   Thumb Code   120  dleqf.o(x$fpl$dleqf)
    __fpl_dcmple_InfNaN                      0x0800612b   Thumb Code     0  dleqf.o(x$fpl$dleqf)
    __fpl_dnaninf                            0x08006141   Thumb Code   156  dnaninf.o(x$fpl$dnaninf)
    __aeabi_cdrcmple                         0x080061dd   Thumb Code     0  drleqf.o(x$fpl$drleqf)
    _drcmple                                 0x080061dd   Thumb Code   108  drleqf.o(x$fpl$drleqf)
    __aeabi_dcmpeq                           0x08006249   Thumb Code     0  dcmp.o(x$fpl$fcmp)
    _deq                                     0x08006249   Thumb Code    14  dcmp.o(x$fpl$fcmp)
    _dneq                                    0x08006257   Thumb Code    14  dcmp.o(x$fpl$fcmp)
    __aeabi_dcmpgt                           0x08006265   Thumb Code     0  dcmp.o(x$fpl$fcmp)
    _dgr                                     0x08006265   Thumb Code    14  dcmp.o(x$fpl$fcmp)
    __aeabi_dcmpge                           0x08006273   Thumb Code     0  dcmp.o(x$fpl$fcmp)
    _dgeq                                    0x08006273   Thumb Code    14  dcmp.o(x$fpl$fcmp)
    __aeabi_dcmple                           0x08006281   Thumb Code     0  dcmp.o(x$fpl$fcmp)
    _dleq                                    0x08006281   Thumb Code    14  dcmp.o(x$fpl$fcmp)
    __aeabi_dcmplt                           0x0800628f   Thumb Code     0  dcmp.o(x$fpl$fcmp)
    _dls                                     0x0800628f   Thumb Code    14  dcmp.o(x$fpl$fcmp)
    __fpl_fretinf                            0x0800629d   Thumb Code    10  fretinf.o(x$fpl$fretinf)
    __ieee_status                            0x080062a7   Thumb Code     6  istatus.o(x$fpl$ieeestatus)
    _printf_fp_dec                           0x080062ad   Thumb Code     4  printf1.o(x$fpl$printf1)
    __fpl_return_NaN                         0x080062b1   Thumb Code   100  retnan.o(x$fpl$retnan)
    __ARM_scalbn                             0x08006315   Thumb Code    92  scalbn.o(x$fpl$scalbn)
    _scanf_real                              0x08006371   Thumb Code     4  scanf1.o(x$fpl$scanf1)
    _scanf_hex_real                          0x08006375   Thumb Code     4  scanf2.o(x$fpl$scanf2)
    _scanf_infnan                            0x08006379   Thumb Code     4  scanf2.o(x$fpl$scanf2)
    __fpl_cmpreturn                          0x0800637d   Thumb Code    48  trapv.o(x$fpl$trapveneer)
    __I$use$fp                               0x080063ac   Number         0  usenofp.o(x$fpl$usenofp)
    AHBPrescTable                            0x0800646a   Data          16  system_stm32f1xx.o(.rodata.AHBPrescTable)
    APBPrescTable                            0x0800647a   Data           8  system_stm32f1xx.o(.rodata.APBPrescTable)
    Region$$Table$$Base                      0x080064a4   Number         0  anon$$obj.o(Region$$Table)
    Region$$Table$$Limit                     0x080064c4   Number         0  anon$$obj.o(Region$$Table)
    __aeabi_HUGE_VAL                         0x080064c4   Data           0  fpconst.o(c$$dinf)
    __aeabi_HUGE_VALL                        0x080064c4   Data           0  fpconst.o(c$$dinf)
    __aeabi_INFINITY                         0x080064c4   Data           0  fpconst.o(c$$dinf)
    __dInf                                   0x080064c4   Data           0  fpconst.o(c$$dinf)
    __huge_val                               0x080064c4   Data           0  fpconst.o(c$$dinf)
    __dbl_max                                0x080064cc   Data           0  fpconst.o(c$$dmax)
    __ctype                                  0x080064e1   Data           0  lc_ctype_c.o(locale$$data)
    uwTickFreq                               0x20000000   Data           1  stm32f1xx_hal.o(.data..L_MergedGlobals)
    uwTickPrio                               0x20000004   Data           4  stm32f1xx_hal.o(.data..L_MergedGlobals)
    GPIO_Motor                               0x20000008   Data         128  global.o(.data.GPIO_Motor)
    GPIO_Pin                                 0x20000088   Data          32  global.o(.data.GPIO_Pin)
    GPIO_Pin_Motor                           0x200000a8   Data          64  global.o(.data.GPIO_Pin_Motor)
    MachineId                                0x200000e8   Data           4  global.o(.data.MachineId)
    SystemCoreClock                          0x200000ec   Data           4  system_stm32f1xx.o(.data.SystemCoreClock)
    __libspace_start                         0x20000100   Data          96  libspace.o(.bss)
    RxData                                   0x20000160   Data           1  commnication.o(.bss..L_MergedGlobals)
    __temporary_stack_top$libspace           0x20000160   Data           0  libspace.o(.bss)
    RxIndex                                  0x20000162   Data           2  commnication.o(.bss..L_MergedGlobals)
    Motors                                   0x2000016c   Data        1728  control.o(.bss.Motors)
    RxBuffer                                 0x2000082c   Data         256  commnication.o(.bss.RxBuffer)
    hi2c1                                    0x2000092c   Data          84  i2c.o(.bss.hi2c1)
    huart1                                   0x20000980   Data          68  usart.o(.bss.huart1)
    pFlash                                   0x200009c8   Data          32  stm32f1xx_hal_flash.o(.bss.pFlash)
    uwTick                                   0x200009e8   Data           4  stm32f1xx_hal.o(.bss.uwTick)



==============================================================================

Memory Map of the image

  Image Entry point : 0x08000131

  Load Region LR_IROM1 (Base: 0x08000000, Size: 0x00006700, Max: 0x00080000, ABSOLUTE)

    Execution Region ER_IROM1 (Exec base: 0x08000000, Load base: 0x08000000, Size: 0x00006600, Max: 0x00080000, ABSOLUTE)

    Exec Addr    Load Addr    Size         Type   Attr      Idx    E Section Name        Object

    0x08000000   0x08000000   0x00000130   Data   RO            3    RESET               startup_stm32f103xe.o
    0x08000130   0x08000130   0x00000008   Code   RO         1127  * !!!main             c_w.l(__main.o)
    0x08000138   0x08000138   0x00000034   Code   RO         1550    !!!scatter          c_w.l(__scatter.o)
    0x0800016c   0x0800016c   0x0000001a   Code   RO         1552    !!handler_copy      c_w.l(__scatter_copy.o)
    0x08000186   0x08000186   0x00000002   PAD
    0x08000188   0x08000188   0x0000001c   Code   RO         1554    !!handler_zi        c_w.l(__scatter_zi.o)
    0x080001a4   0x080001a4   0x00000000   Code   RO         1110    .ARM.Collect$$_printf_percent$$00000000  c_w.l(_printf_percent.o)
    0x080001a4   0x080001a4   0x00000006   Code   RO         1109    .ARM.Collect$$_printf_percent$$00000005  c_w.l(_printf_g.o)
    0x080001aa   0x080001aa   0x00000006   Code   RO         1107    .ARM.Collect$$_printf_percent$$00000008  c_w.l(_printf_i.o)
    0x080001b0   0x080001b0   0x00000006   Code   RO         1108    .ARM.Collect$$_printf_percent$$00000009  c_w.l(_printf_d.o)
    0x080001b6   0x080001b6   0x00000006   Code   RO         1106    .ARM.Collect$$_printf_percent$$0000000C  c_w.l(_printf_x.o)
    0x080001bc   0x080001bc   0x00000004   Code   RO         1203    .ARM.Collect$$_printf_percent$$00000017  c_w.l(_printf_percent_end.o)
    0x080001c0   0x080001c0   0x00000002   Code   RO         1439    .ARM.Collect$$libinit$$00000000  c_w.l(libinit.o)
    0x080001c2   0x080001c2   0x00000000   Code   RO         1219    .ARM.Collect$$libinit$$00000002  c_w.l(libinit2.o)
    0x080001c2   0x080001c2   0x00000000   Code   RO         1221    .ARM.Collect$$libinit$$00000004  c_w.l(libinit2.o)
    0x080001c2   0x080001c2   0x00000000   Code   RO         1223    .ARM.Collect$$libinit$$00000006  c_w.l(libinit2.o)
    0x080001c2   0x080001c2   0x00000008   Code   RO         1224    .ARM.Collect$$libinit$$00000007  c_w.l(libinit2.o)
    0x080001ca   0x080001ca   0x00000000   Code   RO         1226    .ARM.Collect$$libinit$$0000000C  c_w.l(libinit2.o)
    0x080001ca   0x080001ca   0x00000000   Code   RO         1228    .ARM.Collect$$libinit$$0000000E  c_w.l(libinit2.o)
    0x080001ca   0x080001ca   0x00000000   Code   RO         1230    .ARM.Collect$$libinit$$00000010  c_w.l(libinit2.o)
    0x080001ca   0x080001ca   0x00000006   Code   RO         1231    .ARM.Collect$$libinit$$00000011  c_w.l(libinit2.o)
    0x080001d0   0x080001d0   0x00000000   Code   RO         1233    .ARM.Collect$$libinit$$00000013  c_w.l(libinit2.o)
    0x080001d0   0x080001d0   0x0000000c   Code   RO         1234    .ARM.Collect$$libinit$$00000014  c_w.l(libinit2.o)
    0x080001dc   0x080001dc   0x00000000   Code   RO         1235    .ARM.Collect$$libinit$$00000015  c_w.l(libinit2.o)
    0x080001dc   0x080001dc   0x00000000   Code   RO         1237    .ARM.Collect$$libinit$$00000017  c_w.l(libinit2.o)
    0x080001dc   0x080001dc   0x0000000a   Code   RO         1238    .ARM.Collect$$libinit$$00000018  c_w.l(libinit2.o)
    0x080001e6   0x080001e6   0x00000000   Code   RO         1239    .ARM.Collect$$libinit$$00000019  c_w.l(libinit2.o)
    0x080001e6   0x080001e6   0x00000000   Code   RO         1241    .ARM.Collect$$libinit$$0000001B  c_w.l(libinit2.o)
    0x080001e6   0x080001e6   0x00000000   Code   RO         1243    .ARM.Collect$$libinit$$0000001D  c_w.l(libinit2.o)
    0x080001e6   0x080001e6   0x00000000   Code   RO         1245    .ARM.Collect$$libinit$$0000001F  c_w.l(libinit2.o)
    0x080001e6   0x080001e6   0x00000000   Code   RO         1247    .ARM.Collect$$libinit$$00000021  c_w.l(libinit2.o)
    0x080001e6   0x080001e6   0x00000000   Code   RO         1249    .ARM.Collect$$libinit$$00000023  c_w.l(libinit2.o)
    0x080001e6   0x080001e6   0x00000000   Code   RO         1251    .ARM.Collect$$libinit$$00000025  c_w.l(libinit2.o)
    0x080001e6   0x080001e6   0x00000000   Code   RO         1253    .ARM.Collect$$libinit$$00000027  c_w.l(libinit2.o)
    0x080001e6   0x080001e6   0x00000000   Code   RO         1257    .ARM.Collect$$libinit$$0000002E  c_w.l(libinit2.o)
    0x080001e6   0x080001e6   0x00000000   Code   RO         1259    .ARM.Collect$$libinit$$00000030  c_w.l(libinit2.o)
    0x080001e6   0x080001e6   0x00000000   Code   RO         1261    .ARM.Collect$$libinit$$00000032  c_w.l(libinit2.o)
    0x080001e6   0x080001e6   0x00000000   Code   RO         1263    .ARM.Collect$$libinit$$00000034  c_w.l(libinit2.o)
    0x080001e6   0x080001e6   0x00000002   Code   RO         1264    .ARM.Collect$$libinit$$00000035  c_w.l(libinit2.o)
    0x080001e8   0x080001e8   0x00000002   Code   RO         1539    .ARM.Collect$$libshutdown$$00000000  c_w.l(libshutdown.o)
    0x080001ea   0x080001ea   0x00000000   Code   RO         1467    .ARM.Collect$$libshutdown$$00000002  c_w.l(libshutdown2.o)
    0x080001ea   0x080001ea   0x00000000   Code   RO         1469    .ARM.Collect$$libshutdown$$00000004  c_w.l(libshutdown2.o)
    0x080001ea   0x080001ea   0x00000000   Code   RO         1472    .ARM.Collect$$libshutdown$$00000007  c_w.l(libshutdown2.o)
    0x080001ea   0x080001ea   0x00000000   Code   RO         1475    .ARM.Collect$$libshutdown$$0000000A  c_w.l(libshutdown2.o)
    0x080001ea   0x080001ea   0x00000000   Code   RO         1477    .ARM.Collect$$libshutdown$$0000000C  c_w.l(libshutdown2.o)
    0x080001ea   0x080001ea   0x00000000   Code   RO         1480    .ARM.Collect$$libshutdown$$0000000F  c_w.l(libshutdown2.o)
    0x080001ea   0x080001ea   0x00000002   Code   RO         1481    .ARM.Collect$$libshutdown$$00000010  c_w.l(libshutdown2.o)
    0x080001ec   0x080001ec   0x00000000   Code   RO         1167    .ARM.Collect$$rtentry$$00000000  c_w.l(__rtentry.o)
    0x080001ec   0x080001ec   0x00000000   Code   RO         1292    .ARM.Collect$$rtentry$$00000002  c_w.l(__rtentry2.o)
    0x080001ec   0x080001ec   0x00000006   Code   RO         1304    .ARM.Collect$$rtentry$$00000004  c_w.l(__rtentry4.o)
    0x080001f2   0x080001f2   0x00000000   Code   RO         1294    .ARM.Collect$$rtentry$$00000009  c_w.l(__rtentry2.o)
    0x080001f2   0x080001f2   0x00000004   Code   RO         1295    .ARM.Collect$$rtentry$$0000000A  c_w.l(__rtentry2.o)
    0x080001f6   0x080001f6   0x00000000   Code   RO         1297    .ARM.Collect$$rtentry$$0000000C  c_w.l(__rtentry2.o)
    0x080001f6   0x080001f6   0x00000008   Code   RO         1298    .ARM.Collect$$rtentry$$0000000D  c_w.l(__rtentry2.o)
    0x080001fe   0x080001fe   0x00000002   Code   RO         1452    .ARM.Collect$$rtexit$$00000000  c_w.l(rtexit.o)
    0x08000200   0x08000200   0x00000000   Code   RO         1497    .ARM.Collect$$rtexit$$00000002  c_w.l(rtexit2.o)
    0x08000200   0x08000200   0x00000004   Code   RO         1498    .ARM.Collect$$rtexit$$00000003  c_w.l(rtexit2.o)
    0x08000204   0x08000204   0x00000006   Code   RO         1499    .ARM.Collect$$rtexit$$00000004  c_w.l(rtexit2.o)
    0x0800020a   0x0800020a   0x00000002   PAD
    0x0800020c   0x0800020c   0x00000040   Code   RO            4    .text               startup_stm32f103xe.o
    0x0800024c   0x0800024c   0x0000005e   Code   RO          991    .text               c_w.l(h1_alloc.o)
    0x080002aa   0x080002aa   0x0000004e   Code   RO          993    .text               c_w.l(h1_free.o)
    0x080002f8   0x080002f8   0x000000c4   Code   RO          995    .text               c_w.l(h1_realloc.o)
    0x080003bc   0x080003bc   0x0000001a   Code   RO         1053    .text               c_w.l(tolower.o)
    0x080003d6   0x080003d6   0x0000004e   Code   RO         1061    .text               c_w.l(_printf_pad.o)
    0x08000424   0x08000424   0x00000078   Code   RO         1063    .text               c_w.l(_printf_dec.o)
    0x0800049c   0x0800049c   0x00000058   Code   RO         1068    .text               c_w.l(_printf_hex_int.o)
    0x080004f4   0x080004f4   0x00000096   Code   RO         1117    .text               c_w.l(strncmp.o)
    0x0800058a   0x0800058a   0x0000004e   Code   RO         1121    .text               c_w.l(rt_memclr_w.o)
    0x080005d8   0x080005d8   0x00000080   Code   RO         1123    .text               c_w.l(strcmpv7m.o)
    0x08000658   0x08000658   0x00000006   Code   RO         1125    .text               c_w.l(heapauxi.o)
    0x0800065e   0x0800065e   0x00000002   PAD
    0x08000660   0x08000660   0x00000010   Code   RO         1168    .text               c_w.l(rt_ctype_table.o)
    0x08000670   0x08000670   0x00000008   Code   RO         1173    .text               c_w.l(rt_heap_descriptor_intlibspace.o)
    0x08000678   0x08000678   0x00000004   Code   RO         1175    .text               c_w.l(hguard.o)
    0x0800067c   0x0800067c   0x0000008a   Code   RO         1177    .text               c_w.l(init_alloc.o)
    0x08000706   0x08000706   0x0000000e   Code   RO         1181    .text               c_w.l(h1_init.o)
    0x08000714   0x08000714   0x000000b2   Code   RO         1193    .text               c_w.l(_printf_intcommon.o)
    0x080007c6   0x080007c6   0x0000041c   Code   RO         1195    .text               c_w.l(_printf_fp_dec.o)
    0x08000be2   0x08000be2   0x00000002   PAD
    0x08000be4   0x08000be4   0x000004f8   Code   RO         1204    .text               c_w.l(scanf_fp.o)
    0x080010dc   0x080010dc   0x00000040   Code   RO         1210    .text               c_w.l(_sgetc.o)
    0x0800111c   0x0800111c   0x000000b0   Code   RO         1212    .text               c_w.l(strtod.o)
    0x080011cc   0x080011cc   0x00000064   Code   RO         1214    .text               c_w.l(rt_memcpy_w.o)
    0x08001230   0x08001230   0x00000008   Code   RO         1288    .text               c_w.l(libspace.o)
    0x08001238   0x08001238   0x00000008   Code   RO         1309    .text               c_w.l(rt_locale_intlibspace.o)
    0x08001240   0x08001240   0x00000008   Code   RO         1314    .text               c_w.l(rt_errno_addr_intlibspace.o)
    0x08001248   0x08001248   0x00000000   Code   RO         1318    .text               c_w.l(maybetermalloc1.o)
    0x08001248   0x08001248   0x00000034   Code   RO         1320    .text               c_w.l(h1_extend.o)
    0x0800127c   0x0800127c   0x00000026   Code   RO         1324    .text               c_w.l(llshl.o)
    0x080012a2   0x080012a2   0x0000008a   Code   RO         1326    .text               c_w.l(lludiv10.o)
    0x0800132c   0x0800132c   0x00000012   Code   RO         1328    .text               c_w.l(isspace.o)
    0x0800133e   0x0800133e   0x00000002   PAD
    0x08001340   0x08001340   0x00000080   Code   RO         1330    .text               c_w.l(_printf_fp_infnan.o)
    0x080013c0   0x080013c0   0x000000e4   Code   RO         1336    .text               c_w.l(bigflt0.o)
    0x080014a4   0x080014a4   0x0000000e   Code   RO         1372    .text               c_w.l(defsig_rtmem_outer.o)
    0x080014b2   0x080014b2   0x00000002   Code   RO         1407    .text               c_w.l(use_no_semi.o)
    0x080014b4   0x080014b4   0x00000000   Code   RO         1409    .text               c_w.l(indicate_semi.o)
    0x080014b4   0x080014b4   0x0000004a   Code   RO         1410    .text               c_w.l(sys_stackheap_outer.o)
    0x080014fe   0x080014fe   0x00000016   Code   RO         1416    .text               c_w.l(_rserrno.o)
    0x08001514   0x08001514   0x00000320   Code   RO         1418    .text               c_w.l(scanf_hexfp.o)
    0x08001834   0x08001834   0x00000134   Code   RO         1420    .text               c_w.l(scanf_infnan.o)
    0x08001968   0x08001968   0x00000012   Code   RO         1424    .text               c_w.l(exit.o)
    0x0800197a   0x0800197a   0x0000000a   Code   RO         1426    .text               c_w.l(defsig_exit.o)
    0x08001984   0x08001984   0x00000050   Code   RO         1428    .text               c_w.l(defsig_rtmem_inner.o)
    0x080019d4   0x080019d4   0x0000000c   Code   RO         1448    .text               c_w.l(sys_exit.o)
    0x080019e0   0x080019e0   0x0000001c   Code   RO         1460    .text               c_w.l(_chval.o)
    0x080019fc   0x080019fc   0x00000032   Code   RO         1464    .text               c_w.l(defsig_general.o)
    0x08001a2e   0x08001a2e   0x0000000e   Code   RO         1492    .text               c_w.l(sys_wrch.o)
    0x08001a3c   0x08001a3c   0x00000002   Code   RO           77    .text.BusFault_Handler  stm32f1xx_it.o
    0x08001a3e   0x08001a3e   0x00000002   PAD
    0x08001a40   0x08001a40   0x00000002   Code   RO           83    .text.DebugMon_Handler  stm32f1xx_it.o
    0x08001a42   0x08001a42   0x00000002   PAD
    0x08001a44   0x08001a44   0x00000006   Code   RO           95    .text.EXTI0_IRQHandler  stm32f1xx_it.o
    0x08001a4a   0x08001a4a   0x00000002   PAD
    0x08001a4c   0x08001a4c   0x00000036   Code   RO          111    .text.EXTI15_10_IRQHandler  stm32f1xx_it.o
    0x08001a82   0x08001a82   0x00000002   PAD
    0x08001a84   0x08001a84   0x00000006   Code   RO           97    .text.EXTI1_IRQHandler  stm32f1xx_it.o
    0x08001a8a   0x08001a8a   0x00000002   PAD
    0x08001a8c   0x08001a8c   0x00000006   Code   RO           99    .text.EXTI2_IRQHandler  stm32f1xx_it.o
    0x08001a92   0x08001a92   0x00000002   PAD
    0x08001a94   0x08001a94   0x00000006   Code   RO          101    .text.EXTI3_IRQHandler  stm32f1xx_it.o
    0x08001a9a   0x08001a9a   0x00000002   PAD
    0x08001a9c   0x08001a9c   0x00000006   Code   RO          103    .text.EXTI4_IRQHandler  stm32f1xx_it.o
    0x08001aa2   0x08001aa2   0x00000002   PAD
    0x08001aa4   0x08001aa4   0x00000028   Code   RO          105    .text.EXTI9_5_IRQHandler  stm32f1xx_it.o
    0x08001acc   0x08001acc   0x000002e0   Code   RO           19    .text.EncoderCount  main.o
    0x08001dac   0x08001dac   0x0000000a   Code   RO           15    .text.Error_Handler  main.o
    0x08001db6   0x08001db6   0x00000002   PAD
    0x08001db8   0x08001db8   0x00000004   Code   RO           91    .text.FLASH_IRQHandler  stm32f1xx_it.o
    0x08001dbc   0x08001dbc   0x00000028   Code   RO          803    .text.FLASH_PageErase  stm32f1xx_hal_flash_ex.o
    0x08001de4   0x08001de4   0x00000046   Code   RO          660    .text.HAL_DMA_Abort  stm32f1xx_hal_dma.o
    0x08001e2a   0x08001e2a   0x00000002   PAD
    0x08001e2c   0x08001e2c   0x00000126   Code   RO          662    .text.HAL_DMA_Abort_IT  stm32f1xx_hal_dma.o
    0x08001f52   0x08001f52   0x00000002   PAD
    0x08001f54   0x08001f54   0x00000006   Code   RO          672    .text.HAL_DMA_GetState  stm32f1xx_hal_dma.o
    0x08001f5a   0x08001f5a   0x00000002   PAD
    0x08001f5c   0x08001f5c   0x00000002   Code   RO          778    .text.HAL_FLASH_EndOfOperationCallback  stm32f1xx_hal_flash.o
    0x08001f5e   0x08001f5e   0x00000002   PAD
    0x08001f60   0x08001f60   0x00000174   Code   RO          774    .text.HAL_FLASH_IRQHandler  stm32f1xx_hal_flash.o
    0x080020d4   0x080020d4   0x00000002   Code   RO          776    .text.HAL_FLASH_OperationErrorCallback  stm32f1xx_hal_flash.o
    0x080020d6   0x080020d6   0x00000002   PAD
    0x080020d8   0x080020d8   0x00000004   Code   RO           17    .text.HAL_GPIO_EXTI_Callback  main.o
    0x080020dc   0x080020dc   0x00000016   Code   RO          640    .text.HAL_GPIO_EXTI_IRQHandler  stm32f1xx_hal_gpio.o
    0x080020f2   0x080020f2   0x00000002   PAD
    0x080020f4   0x080020f4   0x000001fa   Code   RO          628    .text.HAL_GPIO_Init  stm32f1xx_hal_gpio.o
    0x080022ee   0x080022ee   0x00000002   PAD
    0x080022f0   0x080022f0   0x0000000a   Code   RO          632    .text.HAL_GPIO_ReadPin  stm32f1xx_hal_gpio.o
    0x080022fa   0x080022fa   0x00000002   PAD
    0x080022fc   0x080022fc   0x0000000a   Code   RO          634    .text.HAL_GPIO_WritePin  stm32f1xx_hal_gpio.o
    0x08002306   0x08002306   0x00000002   PAD
    0x08002308   0x08002308   0x0000000c   Code   RO          528    .text.HAL_GetTick   stm32f1xx_hal.o
    0x08002314   0x08002314   0x00000002   Code   RO          498    .text.HAL_I2C_AbortCpltCallback  stm32f1xx_hal_i2c.o
    0x08002316   0x08002316   0x00000002   PAD
    0x08002318   0x08002318   0x00000002   Code   RO          488    .text.HAL_I2C_AddrCallback  stm32f1xx_hal_i2c.o
    0x0800231a   0x0800231a   0x00000002   PAD
    0x0800231c   0x0800231c   0x0000065c   Code   RO          466    .text.HAL_I2C_EV_IRQHandler  stm32f1xx_hal_i2c.o
    0x08002978   0x08002978   0x00000002   Code   RO          496    .text.HAL_I2C_ErrorCallback  stm32f1xx_hal_i2c.o
    0x0800297a   0x0800297a   0x00000002   PAD
    0x0800297c   0x0800297c   0x00000176   Code   RO          382    .text.HAL_I2C_Init  stm32f1xx_hal_i2c.o
    0x08002af2   0x08002af2   0x00000002   PAD
    0x08002af4   0x08002af4   0x00000002   Code   RO          490    .text.HAL_I2C_ListenCpltCallback  stm32f1xx_hal_i2c.o
    0x08002af6   0x08002af6   0x00000002   PAD
    0x08002af8   0x08002af8   0x00000002   Code   RO          482    .text.HAL_I2C_MasterRxCpltCallback  stm32f1xx_hal_i2c.o
    0x08002afa   0x08002afa   0x00000002   PAD
    0x08002afc   0x08002afc   0x00000002   Code   RO          480    .text.HAL_I2C_MasterTxCpltCallback  stm32f1xx_hal_i2c.o
    0x08002afe   0x08002afe   0x00000002   PAD
    0x08002b00   0x08002b00   0x00000002   Code   RO          494    .text.HAL_I2C_MemRxCpltCallback  stm32f1xx_hal_i2c.o
    0x08002b02   0x08002b02   0x00000002   PAD
    0x08002b04   0x08002b04   0x00000002   Code   RO          492    .text.HAL_I2C_MemTxCpltCallback  stm32f1xx_hal_i2c.o
    0x08002b06   0x08002b06   0x00000002   PAD
    0x08002b08   0x08002b08   0x00000072   Code   RO           43    .text.HAL_I2C_MspInit  i2c.o
    0x08002b7a   0x08002b7a   0x00000002   PAD
    0x08002b7c   0x08002b7c   0x00000002   Code   RO          486    .text.HAL_I2C_SlaveRxCpltCallback  stm32f1xx_hal_i2c.o
    0x08002b7e   0x08002b7e   0x00000002   PAD
    0x08002b80   0x08002b80   0x00000002   Code   RO          484    .text.HAL_I2C_SlaveTxCpltCallback  stm32f1xx_hal_i2c.o
    0x08002b82   0x08002b82   0x00000002   PAD
    0x08002b84   0x08002b84   0x0000001a   Code   RO          526    .text.HAL_IncTick   stm32f1xx_hal.o
    0x08002b9e   0x08002b9e   0x00000002   PAD
    0x08002ba0   0x08002ba0   0x00000026   Code   RO          516    .text.HAL_Init      stm32f1xx_hal.o
    0x08002bc6   0x08002bc6   0x00000002   PAD
    0x08002bc8   0x08002bc8   0x00000048   Code   RO          518    .text.HAL_InitTick  stm32f1xx_hal.o
    0x08002c10   0x08002c10   0x00000066   Code   RO          120    .text.HAL_MspInit   stm32f1xx_hal_msp.o
    0x08002c76   0x08002c76   0x00000002   PAD
    0x08002c78   0x08002c78   0x00000026   Code   RO          688    .text.HAL_NVIC_EnableIRQ  stm32f1xx_hal_cortex.o
    0x08002c9e   0x08002c9e   0x00000002   PAD
    0x08002ca0   0x08002ca0   0x00000056   Code   RO          686    .text.HAL_NVIC_SetPriority  stm32f1xx_hal_cortex.o
    0x08002cf6   0x08002cf6   0x00000002   PAD
    0x08002cf8   0x08002cf8   0x00000020   Code   RO          684    .text.HAL_NVIC_SetPriorityGrouping  stm32f1xx_hal_cortex.o
    0x08002d18   0x08002d18   0x00000002   Code   RO          758    .text.HAL_PWR_PVDCallback  stm32f1xx_hal_pwr.o
    0x08002d1a   0x08002d1a   0x00000002   PAD
    0x08002d1c   0x08002d1c   0x0000001e   Code   RO          756    .text.HAL_PWR_PVD_IRQHandler  stm32f1xx_hal_pwr.o
    0x08002d3a   0x08002d3a   0x00000002   PAD
    0x08002d3c   0x08002d3c   0x000001be   Code   RO          580    .text.HAL_RCC_ClockConfig  stm32f1xx_hal_rcc.o
    0x08002efa   0x08002efa   0x00000002   PAD
    0x08002efc   0x08002efc   0x00000026   Code   RO          592    .text.HAL_RCC_GetPCLK1Freq  stm32f1xx_hal_rcc.o
    0x08002f22   0x08002f22   0x00000002   PAD
    0x08002f24   0x08002f24   0x00000026   Code   RO          594    .text.HAL_RCC_GetPCLK2Freq  stm32f1xx_hal_rcc.o
    0x08002f4a   0x08002f4a   0x00000002   PAD
    0x08002f4c   0x08002f4c   0x000003b4   Code   RO          578    .text.HAL_RCC_OscConfig  stm32f1xx_hal_rcc.o
    0x08003300   0x08003300   0x0000002c   Code   RO          696    .text.HAL_SYSTICK_Config  stm32f1xx_hal_cortex.o
    0x0800332c   0x0800332c   0x00000002   Code   RO          933    .text.HAL_UARTEx_RxEventCallback  stm32f1xx_hal_uart.o
    0x0800332e   0x0800332e   0x00000002   PAD
    0x08003330   0x08003330   0x00000002   Code   RO          931    .text.HAL_UART_ErrorCallback  stm32f1xx_hal_uart.o
    0x08003332   0x08003332   0x00000002   PAD
    0x08003334   0x08003334   0x00000270   Code   RO          925    .text.HAL_UART_IRQHandler  stm32f1xx_hal_uart.o
    0x080035a4   0x080035a4   0x000000e0   Code   RO          851    .text.HAL_UART_Init  stm32f1xx_hal_uart.o
    0x08003684   0x08003684   0x0000008a   Code   RO           58    .text.HAL_UART_MspInit  usart.o
    0x0800370e   0x0800370e   0x00000002   PAD
    0x08003710   0x08003710   0x00000056   Code   RO          871    .text.HAL_UART_Receive_IT  stm32f1xx_hal_uart.o
    0x08003766   0x08003766   0x00000002   PAD
    0x08003768   0x08003768   0x0000005e   Code   RO          164    .text.HAL_UART_RxCpltCallback  commnication.o
    0x080037c6   0x080037c6   0x00000002   PAD
    0x080037c8   0x080037c8   0x00000002   Code   RO          935    .text.HAL_UART_TxCpltCallback  stm32f1xx_hal_uart.o
    0x080037ca   0x080037ca   0x00000002   PAD
    0x080037cc   0x080037cc   0x00000002   Code   RO           73    .text.HardFault_Handler  stm32f1xx_it.o
    0x080037ce   0x080037ce   0x00000002   PAD
    0x080037d0   0x080037d0   0x0000000c   Code   RO          107    .text.I2C1_EV_IRQHandler  stm32f1xx_it.o
    0x080037dc   0x080037dc   0x00000122   Code   RO          452    .text.I2C_DMAAbort  stm32f1xx_hal_i2c.o
    0x080038fe   0x080038fe   0x00000002   PAD
    0x08003900   0x08003900   0x0000018c   Code   RO          464    .text.I2C_ITError   stm32f1xx_hal_i2c.o
    0x08003a8c   0x08003a8c   0x000000e8   Code   RO          476    .text.I2C_MasterReceive_BTF  stm32f1xx_hal_i2c.o
    0x08003b74   0x08003b74   0x00000136   Code   RO          474    .text.I2C_MasterReceive_RXNE  stm32f1xx_hal_i2c.o
    0x08003caa   0x08003caa   0x00000002   PAD
    0x08003cac   0x08003cac   0x00000082   Code   RO          470    .text.I2C_MasterTransmit_BTF  stm32f1xx_hal_i2c.o
    0x08003d2e   0x08003d2e   0x00000002   PAD
    0x08003d30   0x08003d30   0x000000b2   Code   RO          468    .text.I2C_MasterTransmit_TXE  stm32f1xx_hal_i2c.o
    0x08003de2   0x08003de2   0x00000002   PAD
    0x08003de4   0x08003de4   0x000000b4   Code   RO          472    .text.I2C_MemoryTransmit_TXE_BTF  stm32f1xx_hal_i2c.o
    0x08003e98   0x08003e98   0x0000008a   Code   RO          129    .text.Init          control.o
    0x08003f22   0x08003f22   0x00000002   PAD
    0x08003f24   0x08003f24   0x000001b4   Code   RO           32    .text.MX_GPIO_Init  gpio.o
    0x080040d8   0x080040d8   0x00000042   Code   RO           41    .text.MX_I2C1_Init  i2c.o
    0x0800411a   0x0800411a   0x00000002   PAD
    0x0800411c   0x0800411c   0x0000003c   Code   RO           56    .text.MX_USART1_UART_Init  usart.o
    0x08004158   0x08004158   0x00000002   Code   RO           75    .text.MemManage_Handler  stm32f1xx_it.o
    0x0800415a   0x0800415a   0x00000002   PAD
    0x0800415c   0x0800415c   0x00000156   Code   RO          143    .text.Motor_Init    control.o
    0x080042b2   0x080042b2   0x00000002   PAD
    0x080042b4   0x080042b4   0x0000001e   Code   RO          133    .text.MoveDown      control.o
    0x080042d2   0x080042d2   0x00000002   PAD
    0x080042d4   0x080042d4   0x0000001e   Code   RO          131    .text.MoveUp        control.o
    0x080042f2   0x080042f2   0x00000002   PAD
    0x080042f4   0x080042f4   0x00000002   Code   RO           71    .text.NMI_Handler   stm32f1xx_it.o
    0x080042f6   0x080042f6   0x00000002   PAD
    0x080042f8   0x080042f8   0x00000004   Code   RO           89    .text.PVD_IRQHandler  stm32f1xx_it.o
    0x080042fc   0x080042fc   0x00000002   Code   RO           85    .text.PendSV_Handler  stm32f1xx_it.o
    0x080042fe   0x080042fe   0x00000002   PAD
    0x08004300   0x08004300   0x00000026   Code   RO          141    .text.Play          control.o
    0x08004326   0x08004326   0x00000002   PAD
    0x08004328   0x08004328   0x00000002   Code   RO           93    .text.RCC_IRQHandler  stm32f1xx_it.o
    0x0800432a   0x0800432a   0x00000002   PAD
    0x0800432c   0x0800432c   0x00000036   Code   RO          137    .text.Reset         control.o
    0x08004362   0x08004362   0x00000002   PAD
    0x08004364   0x08004364   0x00000002   Code   RO           81    .text.SVC_Handler   stm32f1xx_it.o
    0x08004366   0x08004366   0x00000002   PAD
    0x08004368   0x08004368   0x0000004c   Code   RO          139    .text.StepMove      control.o
    0x080043b4   0x080043b4   0x0000001e   Code   RO          135    .text.Stop          control.o
    0x080043d2   0x080043d2   0x00000002   PAD
    0x080043d4   0x080043d4   0x00000004   Code   RO           87    .text.SysTick_Handler  stm32f1xx_it.o
    0x080043d8   0x080043d8   0x00000002   Code   RO          969    .text.SystemInit    system_stm32f1xx.o
    0x080043da   0x080043da   0x00000002   PAD
    0x080043dc   0x080043dc   0x0000000c   Code   RO          929    .text.UART_DMAAbortOnError  stm32f1xx_hal_uart.o
    0x080043e8   0x080043e8   0x000000b6   Code   RO          927    .text.UART_Receive_IT  stm32f1xx_hal_uart.o
    0x0800449e   0x0800449e   0x00000002   PAD
    0x080044a0   0x080044a0   0x0000000c   Code   RO          109    .text.USART1_IRQHandler  stm32f1xx_it.o
    0x080044ac   0x080044ac   0x00000002   Code   RO           79    .text.UsageFault_Handler  stm32f1xx_it.o
    0x080044ae   0x080044ae   0x00000002   PAD
    0x080044b0   0x080044b0   0x00000078   Code   RO          206    .text.buffer_skip_whitespace  cjson.o
    0x08004528   0x08004528   0x00000052   Code   RO          192    .text.cJSON_Delete  cjson.o
    0x0800457a   0x0800457a   0x00000002   PAD
    0x0800457c   0x0800457c   0x00000042   Code   RO          226    .text.cJSON_GetArrayItem  cjson.o
    0x080045be   0x080045be   0x00000002   PAD
    0x080045c0   0x080045c0   0x00000006   Code   RO          228    .text.cJSON_GetObjectItem  cjson.o
    0x080045c6   0x080045c6   0x00000002   PAD
    0x080045c8   0x080045c8   0x00000008   Code   RO          210    .text.cJSON_ParseWithLength  cjson.o
    0x080045d0   0x080045d0   0x000001e0   Code   RO          202    .text.cJSON_ParseWithLengthOpts  cjson.o
    0x080047b0   0x080047b0   0x000000bc   Code   RO          230    .text.get_object_item  cjson.o
    0x0800486c   0x0800486c   0x00000150   Code   RO           11    .text.main          main.o
    0x080049bc   0x080049bc   0x000001f4   Code   RO          166    .text.parseData     commnication.o
    0x08004bb0   0x08004bb0   0x00000100   Code   RO          350    .text.parse_hex4    cjson.o
    0x08004cb0   0x08004cb0   0x0000039c   Code   RO          348    .text.parse_string  cjson.o
    0x0800504c   0x0800504c   0x000003ba   Code   RO          204    .text.parse_value   cjson.o
    0x08005406   0x08005406   0x0000003e   Code   RO         1339    CL$$btod_d2e        c_w.l(btod.o)
    0x08005444   0x08005444   0x00000046   Code   RO         1341    CL$$btod_d2e_denorm_low  c_w.l(btod.o)
    0x0800548a   0x0800548a   0x00000060   Code   RO         1340    CL$$btod_d2e_norm_op1  c_w.l(btod.o)
    0x080054ea   0x080054ea   0x00000002   PAD
    0x080054ec   0x080054ec   0x00000338   Code   RO         1349    CL$$btod_div_common  c_w.l(btod.o)
    0x08005824   0x08005824   0x00000084   Code   RO         1347    CL$$btod_e2d        c_w.l(btod.o)
    0x080058a8   0x080058a8   0x000000dc   Code   RO         1346    CL$$btod_e2e        c_w.l(btod.o)
    0x08005984   0x08005984   0x0000002a   Code   RO         1343    CL$$btod_ediv       c_w.l(btod.o)
    0x080059ae   0x080059ae   0x0000002a   Code   RO         1345    CL$$btod_edivd      c_w.l(btod.o)
    0x080059d8   0x080059d8   0x0000002a   Code   RO         1342    CL$$btod_emul       c_w.l(btod.o)
    0x08005a02   0x08005a02   0x0000002a   Code   RO         1344    CL$$btod_emuld      c_w.l(btod.o)
    0x08005a2c   0x08005a2c   0x00000244   Code   RO         1348    CL$$btod_mult_common  c_w.l(btod.o)
    0x08005c70   0x08005c70   0x00000028   Code   RO         1399    i.__ARM_fpclassify  m_ws.l(fpclassify.o)
    0x08005c98   0x08005c98   0x0000000e   Code   RO         1511    i.__mathlib_dbl_overflow  m_ws.l(dunder.o)
    0x08005ca6   0x08005ca6   0x00000002   PAD
    0x08005ca8   0x08005ca8   0x00000010   Code   RO         1513    i.__mathlib_dbl_underflow  m_ws.l(dunder.o)
    0x08005cb8   0x08005cb8   0x00000010   Code   RO         1401    i.__mathlib_narrow  m_ws.l(narrow.o)
    0x08005cc8   0x08005cc8   0x000000bc   Code   RO         1402    i.__mathlib_tofloat  m_ws.l(narrow.o)
    0x08005d84   0x08005d84   0x00000016   Code   RO         1487    i.__support_ldexp   m_ws.l(ldexp.o)
    0x08005d9a   0x08005d9a   0x0000000e   Code   RO         1096    i._is_digit         c_w.l(__printf_wp.o)
    0x08005da8   0x08005da8   0x00000058   Code   RO         1445    i.frexp             m_ws.l(frexp.o)
    0x08005e00   0x08005e00   0x00000074   Code   RO         1488    i.ldexp             m_ws.l(ldexp.o)
    0x08005e74   0x08005e74   0x0000001e   Code   RO         1162    i.strtod            m_ws.l(strtod.o)
    0x08005e92   0x08005e92   0x00000002   PAD
    0x08005e94   0x08005e94   0x0000002c   Code   RO         1367    locale$$code        c_w.l(lc_ctype_c.o)
    0x08005ec0   0x08005ec0   0x0000002c   Code   RO         1370    locale$$code        c_w.l(lc_numeric_c.o)
    0x08005eec   0x08005eec   0x00000062   Code   RO         1440    x$fpl$d2f           fz_ws.l(d2f.o)
    0x08005f4e   0x08005f4e   0x00000002   PAD
    0x08005f50   0x08005f50   0x00000010   Code   RO         1505    x$fpl$dcheck1       fz_ws.l(dcheck1.o)
    0x08005f60   0x08005f60   0x00000018   Code   RO         1381    x$fpl$dcmpinf       fz_ws.l(dcmpi.o)
    0x08005f78   0x08005f78   0x00000078   Code   RO         1265    x$fpl$deqf          fz_ws.l(deqf.o)
    0x08005ff0   0x08005ff0   0x0000005e   Code   RO         1137    x$fpl$dfix          fz_ws.l(dfix.o)
    0x0800604e   0x0800604e   0x00000002   PAD
    0x08006050   0x08006050   0x00000078   Code   RO         1267    x$fpl$dgeqf         fz_ws.l(dgeqf.o)
    0x080060c8   0x080060c8   0x00000078   Code   RO         1269    x$fpl$dleqf         fz_ws.l(dleqf.o)
    0x08006140   0x08006140   0x0000009c   Code   RO         1271    x$fpl$dnaninf       fz_ws.l(dnaninf.o)
    0x080061dc   0x080061dc   0x0000006c   Code   RO         1442    x$fpl$drleqf        fz_ws.l(drleqf.o)
    0x08006248   0x08006248   0x00000054   Code   RO         1135    x$fpl$fcmp          fz_ws.l(dcmp.o)
    0x0800629c   0x0800629c   0x0000000a   Code   RO         1482    x$fpl$fretinf       fz_ws.l(fretinf.o)
    0x080062a6   0x080062a6   0x00000006   Code   RO         1391    x$fpl$ieeestatus    fz_ws.l(istatus.o)
    0x080062ac   0x080062ac   0x00000004   Code   RO         1157    x$fpl$printf1       fz_ws.l(printf1.o)
    0x080062b0   0x080062b0   0x00000064   Code   RO         1544    x$fpl$retnan        fz_ws.l(retnan.o)
    0x08006314   0x08006314   0x0000005c   Code   RO         1484    x$fpl$scalbn        fz_ws.l(scalbn.o)
    0x08006370   0x08006370   0x00000004   Code   RO         1159    x$fpl$scanf1        fz_ws.l(scanf1.o)
    0x08006374   0x08006374   0x00000008   Code   RO         1393    x$fpl$scanf2        fz_ws.l(scanf2.o)
    0x0800637c   0x0800637c   0x00000030   Code   RO         1546    x$fpl$trapveneer    fz_ws.l(trapv.o)
    0x080063ac   0x080063ac   0x00000000   Code   RO         1283    x$fpl$usenofp       fz_ws.l(usenofp.o)
    0x080063ac   0x080063ac   0x00000028   Data   RO         1069    .constdata          c_w.l(_printf_hex_int.o)
    0x080063d4   0x080063d4   0x00000094   Data   RO         1337    .constdata          c_w.l(bigflt0.o)
    0x08006468   0x08006468   0x00000002   Data   RO          605    .rodata..L__const.HAL_RCC_GetSysClockFreq.aPredivFactorTable  stm32f1xx_hal_rcc.o
    0x0800646a   0x0800646a   0x00000010   Data   RO          974    .rodata.AHBPrescTable  system_stm32f1xx.o
    0x0800647a   0x0800647a   0x00000008   Data   RO          975    .rodata.APBPrescTable  system_stm32f1xx.o
    0x08006482   0x08006482   0x00000010   Data   RO          604    .rodata.cst16       stm32f1xx_hal_rcc.o
    0x08006492   0x08006492   0x00000010   Data   RO          358    .rodata.str1.1      cjson.o
    0x080064a2   0x080064a2   0x00000002   PAD
    0x080064a4   0x080064a4   0x00000020   Data   RO         1549    Region$$Table       anon$$obj.o
    0x080064c4   0x080064c4   0x00000008   Data   RO         1385    c$$dinf             fz_ws.l(fpconst.o)
    0x080064cc   0x080064cc   0x00000008   Data   RO         1388    c$$dmax             fz_ws.l(fpconst.o)
    0x080064d4   0x080064d4   0x00000110   Data   RO         1366    locale$$data        c_w.l(lc_ctype_c.o)
    0x080065e4   0x080065e4   0x0000001c   Data   RO         1369    locale$$data        c_w.l(lc_numeric_c.o)


    Execution Region RW_IRAM1 (Exec base: 0x20000000, Load base: 0x08006600, Size: 0x00000ff0, Max: 0x00010000, ABSOLUTE)

    Exec Addr    Load Addr    Size         Type   Attr      Idx    E Section Name        Object

    0x20000000   0x08006600   0x00000008   Data   RW          567    .data..L_MergedGlobals  stm32f1xx_hal.o
    0x20000008   0x08006608   0x00000080   Data   RW          156    .data.GPIO_Motor    global.o
    0x20000088   0x08006688   0x00000020   Data   RW          158    .data.GPIO_Pin      global.o
    0x200000a8   0x080066a8   0x00000040   Data   RW          157    .data.GPIO_Pin_Motor  global.o
    0x200000e8   0x080066e8   0x00000004   Data   RW          155    .data.MachineId     global.o
    0x200000ec   0x080066ec   0x00000004   Data   RW          973    .data.SystemCoreClock  system_stm32f1xx.o
    0x200000f0   0x080066f0   0x0000000c   Data   RW          357    .data.global_hooks  cjson.o
    0x200000fc   0x080066fc   0x00000004   PAD
    0x20000100        -       0x00000060   Zero   RW         1289    .bss                c_w.l(libspace.o)
    0x20000160        -       0x00000004   Zero   RW          169    .bss..L_MergedGlobals  commnication.o
    0x20000164        -       0x00000008   Zero   RW          359    .bss..L_MergedGlobals  cjson.o
    0x2000016c        -       0x000006c0   Zero   RW          145    .bss.Motors         control.o
    0x2000082c        -       0x00000100   Zero   RW          168    .bss.RxBuffer       commnication.o
    0x2000092c        -       0x00000054   Zero   RW           47    .bss.hi2c1          i2c.o
    0x20000980        -       0x00000044   Zero   RW           62    .bss.huart1         usart.o
    0x200009c4   0x080066fc   0x00000004   PAD
    0x200009c8        -       0x00000020   Zero   RW          792    .bss.pFlash         stm32f1xx_hal_flash.o
    0x200009e8        -       0x00000004   Zero   RW          566    .bss.uwTick         stm32f1xx_hal.o
    0x200009ec   0x080066fc   0x00000004   PAD
    0x200009f0        -       0x00000200   Zero   RW            2    HEAP                startup_stm32f103xe.o
    0x20000bf0        -       0x00000400   Zero   RW            1    STACK               startup_stm32f103xe.o


==============================================================================

Image component sizes


      Code (inc. data)   RO Data    RW Data    ZI Data      Debug   Object Name

      3084        172         16         12          8      68911   cjson.o
       594         28          0          0        260       5365   commnication.o
       738          0          0          0       1728       3673   control.o
         0          0          0        228          0        957   global.o
       436          0          0          0          0       3139   gpio.o
       180          0          0          0         84       5927   i2c.o
      1086        256          0          0          0       5528   main.o
        64         26        304          0       1536        808   startup_stm32f103xe.o
       148          0          0          8          4       6085   stm32f1xx_hal.o
       200          0          0          0          0       8843   stm32f1xx_hal_cortex.o
       370          0          0          0          0       8530   stm32f1xx_hal_dma.o
       376          0          0          0         32       5538   stm32f1xx_hal_flash.o
        40          0          0          0          0       6975   stm32f1xx_hal_flash_ex.o
       548         20          0          0          0       4566   stm32f1xx_hal_gpio.o
      3738         16          0          0          0      53277   stm32f1xx_hal_i2c.o
       102          0          0          0          0       2584   stm32f1xx_hal_msp.o
        32          0          0          0          0       4209   stm32f1xx_hal_pwr.o
      1470          0         18          0          0       7676   stm32f1xx_hal_rcc.o
      1134          0          0          0          0      23637   stm32f1xx_hal_uart.o
       178          0          0          0          0       6305   stm32f1xx_it.o
         2          0         24          4          0       1635   system_stm32f1xx.o
       198          0          0          0         68       5678   usart.o

    ----------------------------------------------------------------------
     14858        518        396        252       3732     239846   Object Totals
         0          0         32          0          0          0   (incl. Generated)
       140          0          2          0         12          0   (incl. Padding)

    ----------------------------------------------------------------------

      Code (inc. data)   RO Data    RW Data    ZI Data      Debug   Library Member Name

         8          0          0          0          0         68   __main.o
        14          0          0          0          0         68   __printf_wp.o
         0          0          0          0          0          0   __rtentry.o
        12          0          0          0          0          0   __rtentry2.o
         6          0          0          0          0          0   __rtentry4.o
        52          8          0          0          0          0   __scatter.o
        26          0          0          0          0          0   __scatter_copy.o
        28          0          0          0          0          0   __scatter_zi.o
        28          0          0          0          0         68   _chval.o
         6          0          0          0          0          0   _printf_d.o
       120         16          0          0          0         92   _printf_dec.o
      1052          0          0          0          0        148   _printf_fp_dec.o
       128         16          0          0          0         84   _printf_fp_infnan.o
         6          0          0          0          0          0   _printf_g.o
        88          4         40          0          0         88   _printf_hex_int.o
         6          0          0          0          0          0   _printf_i.o
       178          0          0          0          0         88   _printf_intcommon.o
        78          0          0          0          0        108   _printf_pad.o
         0          0          0          0          0          0   _printf_percent.o
         4          0          0          0          0          0   _printf_percent_end.o
         6          0          0          0          0          0   _printf_x.o
        22          0          0          0          0        100   _rserrno.o
        64          0          0          0          0         84   _sgetc.o
       228          4        148          0          0         96   bigflt0.o
      2152        136          0          0          0        956   btod.o
        10          0          0          0          0         68   defsig_exit.o
        50          0          0          0          0         88   defsig_general.o
        80         58          0          0          0         76   defsig_rtmem_inner.o
        14          0          0          0          0         80   defsig_rtmem_outer.o
        18          0          0          0          0         80   exit.o
        94          0          0          0          0         80   h1_alloc.o
        52          0          0          0          0         68   h1_extend.o
        78          0          0          0          0         80   h1_free.o
        14          0          0          0          0         84   h1_init.o
       196          0          0          0          0         92   h1_realloc.o
         6          0          0          0          0        152   heapauxi.o
         4          0          0          0          0        136   hguard.o
         0          0          0          0          0          0   indicate_semi.o
       138          0          0          0          0        168   init_alloc.o
        18          0          0          0          0         76   isspace.o
        44         10        272          0          0         76   lc_ctype_c.o
        44         10         28          0          0         76   lc_numeric_c.o
         2          0          0          0          0          0   libinit.o
        38          0          0          0          0          0   libinit2.o
         2          0          0          0          0          0   libshutdown.o
         2          0          0          0          0          0   libshutdown2.o
         8          4          0          0         96         68   libspace.o
        38          0          0          0          0         68   llshl.o
       138          0          0          0          0         80   lludiv10.o
         0          0          0          0          0          0   maybetermalloc1.o
        16          4          0          0          0         76   rt_ctype_table.o
         8          4          0          0          0         68   rt_errno_addr_intlibspace.o
         8          4          0          0          0         68   rt_heap_descriptor_intlibspace.o
         8          4          0          0          0         68   rt_locale_intlibspace.o
        78          0          0          0          0         80   rt_memclr_w.o
       100          0          0          0          0         80   rt_memcpy_w.o
         2          0          0          0          0          0   rtexit.o
        10          0          0          0          0          0   rtexit2.o
      1272         16          0          0          0        168   scanf_fp.o
       800         14          0          0          0        100   scanf_hexfp.o
       308         16          0          0          0        100   scanf_infnan.o
       128          0          0          0          0         68   strcmpv7m.o
       150          0          0          0          0         80   strncmp.o
       176         14          0          0          0        124   strtod.o
        12          4          0          0          0         68   sys_exit.o
        74          0          0          0          0         80   sys_stackheap_outer.o
        14          0          0          0          0         76   sys_wrch.o
        26          0          0          0          0         76   tolower.o
         2          0          0          0          0         68   use_no_semi.o
        98          4          0          0          0         92   d2f.o
        16          4          0          0          0         68   dcheck1.o
        84          0          0          0          0        196   dcmp.o
        24          0          0          0          0         68   dcmpi.o
       120          4          0          0          0         92   deqf.o
        94          4          0          0          0         92   dfix.o
       120          4          0          0          0         92   dgeqf.o
       120          4          0          0          0         92   dleqf.o
       156          4          0          0          0         92   dnaninf.o
       108          0          0          0          0         80   drleqf.o
         0          0         16          0          0          0   fpconst.o
        10          0          0          0          0         68   fretinf.o
         6          0          0          0          0         68   istatus.o
         4          0          0          0          0         68   printf1.o
       100          0          0          0          0         68   retnan.o
        92          0          0          0          0         68   scalbn.o
         4          0          0          0          0         68   scanf1.o
         8          0          0          0          0         84   scanf2.o
        48          0          0          0          0         68   trapv.o
         0          0          0          0          0          0   usenofp.o
        30          6          0          0          0        136   dunder.o
        40          0          0          0          0         68   fpclassify.o
        88          8          0          0          0         76   frexp.o
       138          0          0          0          0        160   ldexp.o
       204          4          0          0          0        168   narrow.o
        30          0          0          0          0         80   strtod.o

    ----------------------------------------------------------------------
     10354        392        504          0         96       7404   Library Totals
        20          0          0          0          0          0   (incl. Padding)

    ----------------------------------------------------------------------

      Code (inc. data)   RO Data    RW Data    ZI Data      Debug   Library Name

      8592        346        488          0         96       5192   c_w.l
      1212         28         16          0          0       1524   fz_ws.l
       530         18          0          0          0        688   m_ws.l

    ----------------------------------------------------------------------
     10354        392        504          0         96       7404   Library Totals

    ----------------------------------------------------------------------

==============================================================================


      Code (inc. data)   RO Data    RW Data    ZI Data      Debug   

     25212        910        900        252       3828     242602   Grand Totals
     25212        910        900        252       3828     242602   ELF Image Totals
     25212        910        900        252          0          0   ROM Totals

==============================================================================

    Total RO  Size (Code + RO Data)                26112 (  25.50kB)
    Total RW  Size (RW Data + ZI Data)              4080 (   3.98kB)
    Total ROM Size (Code + RO Data + RW Data)      26364 (  25.75kB)

==============================================================================

